Archive member included to satisfy reference by file (symbol)

/home/sunbeam/stm/plugins/com.st.stm32cube.ide.mcu.externaltools.gnu-tools-for-stm32.13.3.rel1.linux64_1.0.0.202410170706/tools/bin/../lib/gcc/arm-none-eabi/13.3.1/../../../../arm-none-eabi/lib/thumb/v7e-m/nofp/libc_nano.a(libc_a-exit.o)
                              /home/sunbeam/stm/plugins/com.st.stm32cube.ide.mcu.externaltools.gnu-tools-for-stm32.13.3.rel1.linux64_1.0.0.202410170706/tools/bin/../lib/gcc/arm-none-eabi/13.3.1/../../../../arm-none-eabi/lib/thumb/v7e-m/nofp/crt0.o (exit)
/home/sunbeam/stm/plugins/com.st.stm32cube.ide.mcu.externaltools.gnu-tools-for-stm32.13.3.rel1.linux64_1.0.0.202410170706/tools/bin/../lib/gcc/arm-none-eabi/13.3.1/../../../../arm-none-eabi/lib/thumb/v7e-m/nofp/libc_nano.a(libc_a-findfp.o)
                              /home/sunbeam/stm/plugins/com.st.stm32cube.ide.mcu.externaltools.gnu-tools-for-stm32.13.3.rel1.linux64_1.0.0.202410170706/tools/bin/../lib/gcc/arm-none-eabi/13.3.1/../../../../arm-none-eabi/lib/thumb/v7e-m/nofp/libc_nano.a(libc_a-exit.o) (__stdio_exit_handler)
/home/sunbeam/stm/plugins/com.st.stm32cube.ide.mcu.externaltools.gnu-tools-for-stm32.13.3.rel1.linux64_1.0.0.202410170706/tools/bin/../lib/gcc/arm-none-eabi/13.3.1/../../../../arm-none-eabi/lib/thumb/v7e-m/nofp/libc_nano.a(libc_a-fwalk.o)
                              /home/sunbeam/stm/plugins/com.st.stm32cube.ide.mcu.externaltools.gnu-tools-for-stm32.13.3.rel1.linux64_1.0.0.202410170706/tools/bin/../lib/gcc/arm-none-eabi/13.3.1/../../../../arm-none-eabi/lib/thumb/v7e-m/nofp/libc_nano.a(libc_a-findfp.o) (_fwalk_sglue)
/home/sunbeam/stm/plugins/com.st.stm32cube.ide.mcu.externaltools.gnu-tools-for-stm32.13.3.rel1.linux64_1.0.0.202410170706/tools/bin/../lib/gcc/arm-none-eabi/13.3.1/../../../../arm-none-eabi/lib/thumb/v7e-m/nofp/libc_nano.a(libc_a-sprintf.o)
                              ./Src/main.o (sprintf)
/home/sunbeam/stm/plugins/com.st.stm32cube.ide.mcu.externaltools.gnu-tools-for-stm32.13.3.rel1.linux64_1.0.0.202410170706/tools/bin/../lib/gcc/arm-none-eabi/13.3.1/../../../../arm-none-eabi/lib/thumb/v7e-m/nofp/libc_nano.a(libc_a-stdio.o)
                              /home/sunbeam/stm/plugins/com.st.stm32cube.ide.mcu.externaltools.gnu-tools-for-stm32.13.3.rel1.linux64_1.0.0.202410170706/tools/bin/../lib/gcc/arm-none-eabi/13.3.1/../../../../arm-none-eabi/lib/thumb/v7e-m/nofp/libc_nano.a(libc_a-findfp.o) (__sread)
/home/sunbeam/stm/plugins/com.st.stm32cube.ide.mcu.externaltools.gnu-tools-for-stm32.13.3.rel1.linux64_1.0.0.202410170706/tools/bin/../lib/gcc/arm-none-eabi/13.3.1/../../../../arm-none-eabi/lib/thumb/v7e-m/nofp/libc_nano.a(libc_a-memset.o)
                              /home/sunbeam/stm/plugins/com.st.stm32cube.ide.mcu.externaltools.gnu-tools-for-stm32.13.3.rel1.linux64_1.0.0.202410170706/tools/bin/../lib/gcc/arm-none-eabi/13.3.1/../../../../arm-none-eabi/lib/thumb/v7e-m/nofp/crt0.o (memset)
/home/sunbeam/stm/plugins/com.st.stm32cube.ide.mcu.externaltools.gnu-tools-for-stm32.13.3.rel1.linux64_1.0.0.202410170706/tools/bin/../lib/gcc/arm-none-eabi/13.3.1/../../../../arm-none-eabi/lib/thumb/v7e-m/nofp/libc_nano.a(libc_a-closer.o)
                              /home/sunbeam/stm/plugins/com.st.stm32cube.ide.mcu.externaltools.gnu-tools-for-stm32.13.3.rel1.linux64_1.0.0.202410170706/tools/bin/../lib/gcc/arm-none-eabi/13.3.1/../../../../arm-none-eabi/lib/thumb/v7e-m/nofp/libc_nano.a(libc_a-stdio.o) (_close_r)
/home/sunbeam/stm/plugins/com.st.stm32cube.ide.mcu.externaltools.gnu-tools-for-stm32.13.3.rel1.linux64_1.0.0.202410170706/tools/bin/../lib/gcc/arm-none-eabi/13.3.1/../../../../arm-none-eabi/lib/thumb/v7e-m/nofp/libc_nano.a(libc_a-reent.o)
                              /home/sunbeam/stm/plugins/com.st.stm32cube.ide.mcu.externaltools.gnu-tools-for-stm32.13.3.rel1.linux64_1.0.0.202410170706/tools/bin/../lib/gcc/arm-none-eabi/13.3.1/../../../../arm-none-eabi/lib/thumb/v7e-m/nofp/libc_nano.a(libc_a-closer.o) (errno)
/home/sunbeam/stm/plugins/com.st.stm32cube.ide.mcu.externaltools.gnu-tools-for-stm32.13.3.rel1.linux64_1.0.0.202410170706/tools/bin/../lib/gcc/arm-none-eabi/13.3.1/../../../../arm-none-eabi/lib/thumb/v7e-m/nofp/libc_nano.a(libc_a-impure.o)
                              /home/sunbeam/stm/plugins/com.st.stm32cube.ide.mcu.externaltools.gnu-tools-for-stm32.13.3.rel1.linux64_1.0.0.202410170706/tools/bin/../lib/gcc/arm-none-eabi/13.3.1/../../../../arm-none-eabi/lib/thumb/v7e-m/nofp/libc_nano.a(libc_a-sprintf.o) (_impure_ptr)
/home/sunbeam/stm/plugins/com.st.stm32cube.ide.mcu.externaltools.gnu-tools-for-stm32.13.3.rel1.linux64_1.0.0.202410170706/tools/bin/../lib/gcc/arm-none-eabi/13.3.1/../../../../arm-none-eabi/lib/thumb/v7e-m/nofp/libc_nano.a(libc_a-lseekr.o)
[...]
Memory Configuration

Name             Origin             Length             Attributes
CCMRAM           0x10000000         0x00010000         xrw
RAM              0x20000000         0x00020000         xrw
FLASH            0x08000000         0x00100000         xr
*default*        0x00000000         0xffffffff

Linker script and memory map

LOAD /home/sunbeam/stm/plugins/com.st.stm32cube.ide.mcu.externaltools.gnu-tools-for-stm32.13.3.rel1.linux64_1.0.0.202410170706/tools/bin/../lib/gcc/arm-none-eabi/13.3.1/thumb/v7e-m/nofp/crti.o
LOAD /home/sunbeam/stm/plugins/com.st.stm32cube.ide.mcu.externaltools.gnu-tools-for-stm32.13.3.rel1.linux64_1.0.0.202410170706/tools/bin/../lib/gcc/arm-none-eabi/13.3.1/thumb/v7e-m/nofp/crtbegin.o
LOAD /home/sunbeam/stm/plugins/com.st.stm32cube.ide.mcu.externaltools.gnu-tools-for-stm32.13.3.rel1.linux64_1.0.0.202410170706/tools/bin/../lib/gcc/arm-none-eabi/13.3.1/../../../../arm-none-eabi/lib/thumb/v7e-m/nofp/crt0.o
LOAD ./Src/adc.o
LOAD ./Src/dht22.o
LOAD ./Src/i2c.o
LOAD ./Src/itm.o
LOAD ./Src/lcd.o
LOAD ./Src/main.o
LOAD ./Src/rain_sensor.o
LOAD ./Src/soil_sensor.o
LOAD ./Src/syscalls.o
LOAD ./Src/sysmem.o
LOAD ./Src/system_stm32f4xx.o
LOAD ./Src/uart.o
LOAD ./Src/utils.o
LOAD ./Startup/startup_stm32f407vgtx.o
START GROUP
LOAD /home/sunbeam/stm/plugins/com.st.stm32cube.ide.mcu.externaltools.gnu-tools-for-stm32.13.3.rel1.linux64_1.0.0.202410170706/tools/bin/../lib/gcc/arm-none-eabi/13.3.1/../../../../arm-none-eabi/lib/thumb/v7e-m/nofp/libc_nano.a
LOAD /home/sunbeam/stm/plugins/com.st.stm32cube.ide.mcu.externaltools.gnu-tools-for-stm32.13.3.rel1.linux64_1.0.0.202410170706/tools/bin/../lib/gcc/arm-none-eabi/13.3.1/../../../../arm-none-eabi/lib/thumb/v7e-m/nofp/libm.a
END GROUP
START GROUP
LOAD /home/sunbeam/stm/plugins/com.st.stm32cube.ide.mcu.externaltools.gnu-tools-for-stm32.13.3.rel1.linux64_1.0.0.202410170706/tools/bin/../lib/gcc/arm-none-eabi/13.3.1/thumb/v7e-m/nofp/libgcc.a
LOAD /home/sunbeam/stm/plugins/com.st.stm32cube.ide.mcu.externaltools.gnu-tools-for-stm32.13.3.rel1.linux64_1.0.0.202410170706/tools/bin/../lib/gcc/arm-none-eabi/13.3.1/../../../../arm-none-eabi/lib/thumb/v7e-m/nofp/libc_nano.a
END GROUP
START GROUP
LOAD /home/sunbeam/stm/plugins/com.st.stm32cube.ide.mcu.externaltools.gnu-tools-for-stm32.13.3.rel1.linux64_1.0.0.202410170706/tools/bin/../lib/gcc/arm-none-eabi/13.3.1/thumb/v7e-m/nofp/libgcc.a
LOAD /home/sunbeam/stm/plugins/com.st.stm32cube.ide.mcu.externaltools.gnu-tools-for-stm32.13.3.rel1.linux64_1.0.0.202410170706/tools/bin/../lib/gcc/arm-none-eabi/13.3.1/../../../../arm-none-eabi/lib/thumb/v7e-m/nofp/libc_nano.a
LOAD /home/sunbeam/stm/plugins/com.st.stm32cube.ide.mcu.externaltools.gnu-tools-for-stm32.13.3.rel1.linux64_1.0.0.202410170706/tools/bin/../lib/gcc/arm-none-eabi/13.3.1/../../../../arm-none-eabi/lib/thumb/v7e-m/nofp/libnosys.a
END GROUP
START GROUP
LOAD /home/sunbeam/stm/plugins/com.st.stm32cube.ide.mcu.externaltools.gnu-tools-for-stm32.13.3.rel1.linux64_1.0.0.202410170706/tools/bin/../lib/gcc/arm-none-eabi/13.3.1/thumb/v7e-m/nofp/libgcc.a
LOAD /home/sunbeam/stm/plugins/com.st.stm32cube.ide.mcu.externaltools.gnu-tools-for-stm32.13.3.rel1.linux64_1.0.0.202410170706/tools/bin/../lib/gcc/arm-none-eabi/13.3.1/../../../../arm-none-eabi/lib/thumb/v7e-m/nofp/libc_nano.a
LOAD /home/sunbeam/stm/plugins/com.st.stm32cube.ide.mcu.externaltools.gnu-tools-for-stm32.13.3.rel1.linux64_1.0.0.202410170706/tools/bin/../lib/gcc/arm-none-eabi/13.3.1/../../../../arm-none-eabi/lib/thumb/v7e-m/nofp/libnosys.a
END GROUP
LOAD /home/sunbeam/stm/plugins/com.st.stm32cube.ide.mcu.externaltools.gnu-tools-for-stm32.13.3.rel1.linux64_1.0.0.202410170706/tools/bin/../lib/gcc/arm-none-eabi/13.3.1/thumb/v7e-m/nofp/crtend.o
LOAD /home/sunbeam/stm/plugins/com.st.stm32cube.ide.mcu.externaltools.gnu-tools-for-stm32.13.3.rel1.linux64_1.0.0.202410170706/tools/bin/../lib/gcc/arm-none-eabi/13.3.1/thumb/v7e-m/nofp/crtn.o
                0x20020000                        _estack = (ORIGIN (RAM) + LENGTH (RAM))
                0x00000200                        _Min_Heap_Size = 0x200
                0x00000400                        _Min_Stack_Size = 0x400

.isr_vector     0x08000000      0x188
                0x08000000                        . = ALIGN (0x4)
 *(.isr_vector)
 .isr_vector    0x08000000      0x188 ./Startup/startup_stm32f407vgtx.o
                0x08000000                g_pfnVectors
                0x08000188                        . = ALIGN (0x4)

.text           0x08000190     0x15b8
                0x08000190                        . = ALIGN (0x4)
 *(.text)
 .text          0x08000190       0x40 /home/sunbeam/stm/plugins/com.st.stm32cube.ide.mcu.externaltools.gnu-tools-for-stm32.13.3.rel1.linux64_1.0.0.202410170706/tools/bin/../lib/gcc/arm-none-eabi/13.3.1/thumb/v7e-m/nofp/crtbegin.o
 .text          0x080001d0       0xa0 /home/sunbeam/stm/plugins/com.st.stm32cube.ide.mcu.externaltools.gnu-tools-for-stm32.13.3.rel1.linux64_1.0.0.202410170706/tools/bin/../lib/gcc/arm-none-eabi/13.3.1/../../../../arm-none-eabi/lib/thumb/v7e-m/nofp/libc_nano.a(libc_a-memchr.o)
                0x080001d0                memchr
 *(.text*)
 .text.adc_init
                0x08000270       0x88 ./Src/adc.o
                0x08000270                adc_init
 .text.adc_read
                0x080002f8       0x40 ./Src/adc.o
                0x080002f8                adc_read
 .text.delay_us
                0x08000338       0x58 ./Src/dht22.o
                0x08000338                delay_us
 .text.set_pin_output
                0x08000390       0x28 ./Src/dht22.o
 .text.set_pin_input
                0x080003b8       0x1c ./Src/dht22.o
 .text.DHT11_Init
                0x080003d4       0x2c ./Src/dht22.o
                0x080003d4                DHT11_Init
 .text.check_response
                0x08000400       0x48 ./Src/dht22.o
 .text.read_byte
                0x08000448       0x70 ./Src/dht22.o
 .text.DHT11_Read
                0x080004b8       0xa0 ./Src/dht22.o
                0x080004b8                DHT11_Read
 .text.I2CInit  0x08000558       0xb8 ./Src/i2c.o
                0x08000558                I2CInit
 .text.I2CStart
                0x08000610       0x2c ./Src/i2c.o
                0x08000610                I2CStart
 .text.I2CStop  0x0800063c       0x2c ./Src/i2c.o
                0x0800063c                I2CStop
 .text.I2CSendSlaveAddr
                0x08000668       0x34 ./Src/i2c.o
                0x08000668                I2CSendSlaveAddr
 .text.I2CSendData
                0x0800069c       0x3c ./Src/i2c.o
                0x0800069c                I2CSendData
 .text.I2CWrite
                0x080006d8       0x30 ./Src/i2c.o
                0x080006d8                I2CWrite
 .text.DelayMs  0x08000708       0x50 ./Src/lcd.o
 .text.LcdInit  0x08000758       0x72 ./Src/lcd.o
                0x08000758                LcdInit
 .text.LcdWriteNibble
                0x080007ca       0x70 ./Src/lcd.o
                0x080007ca                LcdWriteNibble
 .text.LcdWriteByte
                0x0800083a       0x44 ./Src/lcd.o
                0x0800083a                LcdWriteByte
 .text.LcdPuts  0x0800087e       0x48 ./Src/lcd.o
                0x0800087e                LcdPuts
 .text.delay_ms
                0x080008c6       0x30 ./Src/main.o
                0x080008c6                delay_ms
 *fill*         0x080008f6        0x2 
 .text.main     0x080008f8      0x1a0 ./Src/main.o
                0x080008f8                main
 .text.RainSensor_Init
                0x08000a98       0xa0 ./Src/rain_sensor.o
                0x08000a98                RainSensor_Init
 .text.RainSensor_ReadDigital
                0x08000b38       0x24 ./Src/rain_sensor.o
                0x08000b38                RainSensor_ReadDigital
 .text.RainSensor_ReadAnalog
                0x08000b5c       0x30 ./Src/rain_sensor.o
                0x08000b5c                RainSensor_ReadAnalog
 .text.read_soil_moisture
                0x08000b8c       0x10 ./Src/soil_sensor.o
                0x08000b8c                read_soil_moisture
 .text._sbrk    0x08000b9c       0x6c ./Src/sysmem.o
                0x08000b9c                _sbrk
 .text.SystemInit
                0x08000c08        0xc ./Src/system_stm32f4xx.o
                0x08000c08                SystemInit
 .text.DWT_Init
                0x08000c14       0x60 ./Src/system_stm32f4xx.o
                0x08000c14                DWT_Init
 .text.UART2_Init
                0x08000c74       0x64 ./Src/uart.o
                0x08000c74                UART2_Init
 .text.UART2_SendChar
                0x08000cd8       0x2c ./Src/uart.o
                0x08000cd8                UART2_SendChar
 .text.UART2_SendString
                0x08000d04       0x2a ./Src/uart.o
                0x08000d04                UART2_SendString
 *fill*         0x08000d2e        0x2 
 .text.UART2_SendNumber
                0x08000d30       0x7c ./Src/uart.o
                0x08000d30                UART2_SendNumber
 .text.Reset_Handler
                0x08000dac       0x50 ./Startup/startup_stm32f407vgtx.o
                0x08000dac                Reset_Handler
 .text.Default_Handler
                0x08000dfc        0x2 ./Startup/startup_stm32f407vgtx.o
                0x08000dfc                RTC_Alarm_IRQHandler
                0x08000dfc                HASH_RNG_IRQHandler
                0x08000dfc                EXTI2_IRQHandler
                0x08000dfc                TIM8_CC_IRQHandler
                0x08000dfc                DebugMon_Handler
                0x08000dfc                TIM1_CC_IRQHandler
                0x08000dfc                DMA2_Stream5_IRQHandler
                0x08000dfc                HardFault_Handler
                0x08000dfc                DMA1_Stream5_IRQHandler
                0x08000dfc                SysTick_Handler
                0x08000dfc                PVD_IRQHandler
                0x08000dfc                SDIO_IRQHandler
                0x08000dfc                TAMP_STAMP_IRQHandler
                0x08000dfc                PendSV_Handler
                0x08000dfc                NMI_Handler
                0x08000dfc                CAN2_RX1_IRQHandler
                0x08000dfc                EXTI3_IRQHandler
                0x08000dfc                TIM8_TRG_COM_TIM14_IRQHandler
                0x08000dfc                TIM1_UP_TIM10_IRQHandler
                0x08000dfc                TIM8_UP_TIM13_IRQHandler
                0x08000dfc                I2C3_ER_IRQHandler
                0x08000dfc                EXTI0_IRQHandler
                0x08000dfc                I2C2_EV_IRQHandler
                0x08000dfc                DMA1_Stream2_IRQHandler
                0x08000dfc                CAN1_RX0_IRQHandler
                0x08000dfc                FPU_IRQHandler
                0x08000dfc                OTG_HS_WKUP_IRQHandler
                0x08000dfc                UsageFault_Handler
                0x08000dfc                CAN2_SCE_IRQHandler
                0x08000dfc                DMA2_Stream2_IRQHandler
                0x08000dfc                SPI1_IRQHandler
                0x08000dfc                TIM6_DAC_IRQHandler
                0x08000dfc                TIM1_BRK_TIM9_IRQHandler
                0x08000dfc                DCMI_IRQHandler
                0x08000dfc                CAN2_RX0_IRQHandler
                0x08000dfc                DMA2_Stream3_IRQHandler
                0x08000dfc                USART6_IRQHandler
                0x08000dfc                USART3_IRQHandler
                0x08000dfc                CRYP_IRQHandler
                0x08000dfc                CAN1_RX1_IRQHandler
                0x08000dfc                UART5_IRQHandler
                0x08000dfc                DMA2_Stream0_IRQHandler
                0x08000dfc                TIM4_IRQHandler
                0x08000dfc                I2C1_EV_IRQHandler
                0x08000dfc                DMA1_Stream6_IRQHandler
                0x08000dfc                DMA1_Stream1_IRQHandler
                0x08000dfc                UART4_IRQHandler
                0x08000dfc                TIM3_IRQHandler
                0x08000dfc                RCC_IRQHandler
                0x08000dfc                TIM8_BRK_TIM12_IRQHandler
                0x08000dfc                Default_Handler
                0x08000dfc                EXTI15_10_IRQHandler
                0x08000dfc                ADC_IRQHandler
                0x08000dfc                DMA1_Stream7_IRQHandler
                0x08000dfc                TIM7_IRQHandler
                0x08000dfc                CAN2_TX_IRQHandler
                0x08000dfc                TIM5_IRQHandler
                0x08000dfc                DMA2_Stream7_IRQHandler
                0x08000dfc                I2C3_EV_IRQHandler
                0x08000dfc                EXTI9_5_IRQHandler
                0x08000dfc                RTC_WKUP_IRQHandler
                0x08000dfc                ETH_WKUP_IRQHandler
                0x08000dfc                SPI2_IRQHandler
                0x08000dfc                OTG_HS_EP1_IN_IRQHandler
                0x08000dfc                MemManage_Handler
                0x08000dfc                DMA1_Stream0_IRQHandler
                0x08000dfc                CAN1_TX_IRQHandler
                0x08000dfc                SVC_Handler
                0x08000dfc                EXTI4_IRQHandler
                0x08000dfc                FSMC_IRQHandler
                0x08000dfc                ETH_IRQHandler
                0x08000dfc                OTG_HS_EP1_OUT_IRQHandler
                0x08000dfc                WWDG_IRQHandler
                0x08000dfc                TIM2_IRQHandler
                0x08000dfc                OTG_FS_WKUP_IRQHandler
                0x08000dfc                TIM1_TRG_COM_TIM11_IRQHandler
                0x08000dfc                OTG_HS_IRQHandler
                0x08000dfc                EXTI1_IRQHandler
                0x08000dfc                USART2_IRQHandler
                0x08000dfc                I2C2_ER_IRQHandler
                0x08000dfc                DMA2_Stream1_IRQHandler
                0x08000dfc                CAN1_SCE_IRQHandler
                0x08000dfc                DMA2_Stream4_IRQHandler
                0x08000dfc                BusFault_Handler
                0x08000dfc                USART1_IRQHandler
                0x08000dfc                OTG_FS_IRQHandler
                0x08000dfc                SPI3_IRQHandler
                0x08000dfc                DMA1_Stream4_IRQHandler
                0x08000dfc                I2C1_ER_IRQHandler
                0x08000dfc                DMA2_Stream6_IRQHandler
                0x08000dfc                DMA1_Stream3_IRQHandler
 *fill*         0x08000dfe        0x2 
 .text.sprintf  0x08000e00       0x44 /home/sunbeam/stm/plugins/com.st.stm32cube.ide.mcu.externaltools.gnu-tools-for-stm32.13.3.rel1.linux64_1.0.0.202410170706/tools/bin/../lib/gcc/arm-none-eabi/13.3.1/../../../../arm-none-eabi/lib/thumb/v7e-m/nofp/libc_nano.a(libc_a-sprintf.o)
                0x08000e00                sprintf
                0x08000e00                siprintf
 .text.__errno  0x08000e44        0xc /home/sunbeam/stm/plugins/com.st.stm32cube.ide.mcu.externaltools.gnu-tools-for-stm32.13.3.rel1.linux64_1.0.0.202410170706/tools/bin/../lib/gcc/arm-none-eabi/13.3.1/../../../../arm-none-eabi/lib/thumb/v7e-m/nofp/libc_nano.a(libc_a-errno.o)
                0x08000e44                __errno
 .text.__libc_init_array
                0x08000e50       0x48 /home/sunbeam/stm/plugins/com.st.stm32cube.ide.mcu.externaltools.gnu-tools-for-stm32.13.3.rel1.linux64_1.0.0.202410170706/tools/bin/../lib/gcc/arm-none-eabi/13.3.1/../../../../arm-none-eabi/lib/thumb/v7e-m/nofp/libc_nano.a(libc_a-init.o)
                0x08000e50                __libc_init_array
 .text.__retarget_lock_acquire_recursive
                0x08000e98        0x2 /home/sunbeam/stm/plugins/com.st.stm32cube.ide.mcu.externaltools.gnu-tools-for-stm32.13.3.rel1.linux64_1.0.0.202410170706/tools/bin/../lib/gcc/arm-none-eabi/13.3.1/../../../../arm-none-eabi/lib/thumb/v7e-m/nofp/libc_nano.a(libc_a-lock.o)
                0x08000e98                __retarget_lock_acquire_recursive
 .text.__retarget_lock_release_recursive
                0x08000e9a        0x2 /home/sunbeam/stm/plugins/com.st.stm32cube.ide.mcu.externaltools.gnu-tools-for-stm32.13.3.rel1.linux64_1.0.0.202410170706/tools/bin/../lib/gcc/arm-none-eabi/13.3.1/../../../../arm-none-eabi/lib/thumb/v7e-m/nofp/libc_nano.a(libc_a-lock.o)
                0x08000e9a                __retarget_lock_release_recursive
 .text._free_r  0x08000e9c       0x94 /home/sunbeam/stm/plugins/com.st.stm32cube.ide.mcu.externaltools.gnu-tools-for-stm32.13.3.rel1.linux64_1.0.0.202410170706/tools/bin/../lib/gcc/arm-none-eabi/13.3.1/../../../../arm-none-eabi/lib/thumb/v7e-m/nofp/libc_nano.a(libc_a-freer.o)
                0x08000e9c                _free_r
 .text.sbrk_aligned
                0x08000f30       0x44 /home/sunbeam/stm/plugins/com.st.stm32cube.ide.mcu.externaltools.gnu-tools-for-stm32.13.3.rel1.linux64_1.0.0.202410170706/tools/bin/../lib/gcc/arm-none-eabi/13.3.1/../../../../arm-none-eabi/lib/thumb/v7e-m/nofp/libc_nano.a(libc_a-mallocr.o)
 .text._malloc_r
                0x08000f74      0x100 /home/sunbeam/stm/plugins/com.st.stm32cube.ide.mcu.externaltools.gnu-tools-for-stm32.13.3.rel1.linux64_1.0.0.202410170706/tools/bin/../lib/gcc/arm-none-eabi/13.3.1/../../../../arm-none-eabi/lib/thumb/v7e-m/nofp/libc_nano.a(libc_a-mallocr.o)
                0x08000f74                _malloc_r
 .text.__malloc_lock
                0x08001074        0xc /home/sunbeam/stm/plugins/com.st.stm32cube.ide.mcu.externaltools.gnu-tools-for-stm32.13.3.rel1.linux64_1.0.0.202410170706/tools/bin/../lib/gcc/arm-none-eabi/13.3.1/../../../../arm-none-eabi/lib/thumb/v7e-m/nofp/libc_nano.a(libc_a-mlock.o)
                0x08001074                __malloc_lock
 .text.__malloc_unlock
                0x08001080        0xc /home/sunbeam/stm/plugins/com.st.stm32cube.ide.mcu.externaltools.gnu-tools-for-stm32.13.3.rel1.linux64_1.0.0.202410170706/tools/bin/../lib/gcc/arm-none-eabi/13.3.1/../../../../arm-none-eabi/lib/thumb/v7e-m/nofp/libc_nano.a(libc_a-mlock.o)
                0x08001080                __malloc_unlock
 .text.__ssputs_r
                0x0800108c       0xb6 /home/sunbeam/stm/plugins/com.st.stm32cube.ide.mcu.externaltools.gnu-tools-for-stm32.13.3.rel1.linux64_1.0.0.202410170706/tools/bin/../lib/gcc/arm-none-eabi/13.3.1/../../../../arm-none-eabi/lib/thumb/v7e-m/nofp/libc_nano.a(libc_a-nano-svfprintf.o)
                0x0800108c                __ssputs_r
 *fill*         0x08001142        0x2 
 .text._svfprintf_r
                0x08001144      0x1f8 /home/sunbeam/stm/plugins/com.st.stm32cube.ide.mcu.externaltools.gnu-tools-for-stm32.13.3.rel1.linux64_1.0.0.202410170706/tools/bin/../lib/gcc/arm-none-eabi/13.3.1/../../../../arm-none-eabi/lib/thumb/v7e-m/nofp/libc_nano.a(libc_a-nano-svfprintf.o)
                0x08001144                _svfprintf_r
                0x08001144                _svfiprintf_r
 .text._printf_common
                0x0800133c       0xda /home/sunbeam/stm/plugins/com.st.stm32cube.ide.mcu.externaltools.gnu-tools-for-stm32.13.3.rel1.linux64_1.0.0.202410170706/tools/bin/../lib/gcc/arm-none-eabi/13.3.1/../../../../arm-none-eabi/lib/thumb/v7e-m/nofp/libc_nano.a(libc_a-nano-vfprintf_i.o)
                0x0800133c                _printf_common
 *fill*         0x08001416        0x2 
 .text._printf_i
                0x08001418      0x23c /home/sunbeam/stm/plugins/com.st.stm32cube.ide.mcu.externaltools.gnu-tools-for-stm32.13.3.rel1.linux64_1.0.0.202410170706/tools/bin/../lib/gcc/arm-none-eabi/13.3.1/../../../../arm-none-eabi/lib/thumb/v7e-m/nofp/libc_nano.a(libc_a-nano-vfprintf_i.o)
                0x08001418                _printf_i
 .text.memmove  0x08001654       0x34 /home/sunbeam/stm/plugins/com.st.stm32cube.ide.mcu.externaltools.gnu-tools-for-stm32.13.3.rel1.linux64_1.0.0.202410170706/tools/bin/../lib/gcc/arm-none-eabi/13.3.1/../../../../arm-none-eabi/lib/thumb/v7e-m/nofp/libc_nano.a(libc_a-memmove.o)
                0x08001654                memmove
 .text._sbrk_r  0x08001688       0x20 /home/sunbeam/stm/plugins/com.st.stm32cube.ide.mcu.externaltools.gnu-tools-for-stm32.13.3.rel1.linux64_1.0.0.202410170706/tools/bin/../lib/gcc/arm-none-eabi/13.3.1/../../../../arm-none-eabi/lib/thumb/v7e-m/nofp/libc_nano.a(libc_a-sbrkr.o)
                0x08001688                _sbrk_r
 .text.memcpy   0x080016a8       0x1c /home/sunbeam/stm/plugins/com.st.stm32cube.ide.mcu.externaltools.gnu-tools-for-stm32.13.3.rel1.linux64_1.0.0.202410170706/tools/bin/../lib/gcc/arm-none-eabi/13.3.1/../../../../arm-none-eabi/lib/thumb/v7e-m/nofp/libc_nano.a(libc_a-memcpy-stub.o)
                0x080016a8                memcpy
 .text._realloc_r
                0x080016c4       0x5c /home/sunbeam/stm/plugins/com.st.stm32cube.ide.mcu.externaltools.gnu-tools-for-stm32.13.3.rel1.linux64_1.0.0.202410170706/tools/bin/../lib/gcc/arm-none-eabi/13.3.1/../../../../arm-none-eabi/lib/thumb/v7e-m/nofp/libc_nano.a(libc_a-reallocr.o)
                0x080016c4                _realloc_r
 .text._malloc_usable_size_r
                0x08001720       0x10 /home/sunbeam/stm/plugins/com.st.stm32cube.ide.mcu.externaltools.gnu-tools-for-stm32.13.3.rel1.linux64_1.0.0.202410170706/tools/bin/../lib/gcc/arm-none-eabi/13.3.1/../../../../arm-none-eabi/lib/thumb/v7e-m/nofp/libc_nano.a(libc_a-msizer.o)
                0x08001720                _malloc_usable_size_r
 *(.glue_7)
 .glue_7        0x08001730        0x0 linker stubs
 *(.glue_7t)
 .glue_7t       0x08001730        0x0 linker stubs
 *(.eh_frame)
 .eh_frame      0x08001730        0x0 /home/sunbeam/stm/plugins/com.st.stm32cube.ide.mcu.externaltools.gnu-tools-for-stm32.13.3.rel1.linux64_1.0.0.202410170706/tools/bin/../lib/gcc/arm-none-eabi/13.3.1/thumb/v7e-m/nofp/crtbegin.o
 *(.init)
 .init          0x08001730        0x4 /home/sunbeam/stm/plugins/com.st.stm32cube.ide.mcu.externaltools.gnu-tools-for-stm32.13.3.rel1.linux64_1.0.0.202410170706/tools/bin/../lib/gcc/arm-none-eabi/13.3.1/thumb/v7e-m/nofp/crti.o
                0x08001730                _init
 .init          0x08001734        0x8 /home/sunbeam/stm/plugins/com.st.stm32cube.ide.mcu.externaltools.gnu-tools-for-stm32.13.3.rel1.linux64_1.0.0.202410170706/tools/bin/../lib/gcc/arm-none-eabi/13.3.1/thumb/v7e-m/nofp/crtn.o
 *(.fini)
 .fini          0x0800173c        0x4 /home/sunbeam/stm/plugins/com.st.stm32cube.ide.mcu.externaltools.gnu-tools-for-stm32.13.3.rel1.linux64_1.0.0.202410170706/tools/bin/../lib/gcc/arm-none-eabi/13.3.1/thumb/v7e-m/nofp/crti.o
                0x0800173c                _fini
 .fini          0x08001740        0x8 /home/sunbeam/stm/plugins/com.st.stm32cube.ide.mcu.externaltools.gnu-tools-for-stm32.13.3.rel1.linux64_1.0.0.202410170706/tools/bin/../lib/gcc/arm-none-eabi/13.3.1/thumb/v7e-m/nofp/crtn.o
                0x08001748                        . = ALIGN (0x4)
                0x08001748                        _etext = .

.vfp11_veneer   0x08001748        0x0
 .vfp11_veneer  0x08001748        0x0 linker stubs

.v4_bx          0x08001748        0x0
 .v4_bx         0x08001748        0x0 linker stubs

.iplt           0x08001748        0x0
 .iplt          0x08001748        0x0 /home/sunbeam/stm/plugins/com.st.stm32cube.ide.mcu.externaltools.gnu-tools-for-stm32.13.3.rel1.linux64_1.0.0.202410170706/tools/bin/../lib/gcc/arm-none-eabi/13.3.1/thumb/v7e-m/nofp/crtbegin.o

.rodata         0x08001748       0xec
                0x08001748                        . = ALIGN (0x4)
 *(.rodata)
 .rodata        0x08001748       0xb8 ./Src/main.o
 *(.rodata*)
 .rodata._svfprintf_r.str1.1
                0x08001800       0x33 /home/sunbeam/stm/plugins/com.st.stm32cube.ide.mcu.externaltools.gnu-tools-for-stm32.13.3.rel1.linux64_1.0.0.202410170706/tools/bin/../lib/gcc/arm-none-eabi/13.3.1/../../../../arm-none-eabi/lib/thumb/v7e-m/nofp/libc_nano.a(libc_a-nano-svfprintf.o)
                                 0x11 (size before relaxing)
 .rodata._printf_i.str1.1
                0x08001833       0x22 /home/sunbeam/stm/plugins/com.st.stm32cube.ide.mcu.externaltools.gnu-tools-for-stm32.13.3.rel1.linux64_1.0.0.202410170706/tools/bin/../lib/gcc/arm-none-eabi/13.3.1/../../../../arm-none-eabi/lib/thumb/v7e-m/nofp/libc_nano.a(libc_a-nano-vfprintf_i.o)
                0x08001858                        . = ALIGN (0x4)
 *fill*         0x08001833        0x1 

.ARM.extab      0x08001834        0x0
                0x08001834                        . = ALIGN (0x4)
 *(.ARM.extab* .gnu.linkonce.armextab.*)
                0x08001834                        . = ALIGN (0x4)

.ARM            0x08001834        0x8
                0x08001834                        . = ALIGN (0x4)
                0x08001834                        __exidx_start = .
 *(.ARM.exidx*)
 .ARM.exidx     0x08001834        0x8 /home/sunbeam/stm/plugins/com.st.stm32cube.ide.mcu.externaltools.gnu-tools-for-stm32.13.3.rel1.linux64_1.0.0.202410170706/tools/bin/../lib/gcc/arm-none-eabi/13.3.1/../../../../arm-none-eabi/lib/thumb/v7e-m/nofp/libc_nano.a(libc_a-memchr.o)
                0x0800183c                        __exidx_end = .
                0x0800183c                        . = ALIGN (0x4)

.preinit_array  0x0800183c        0x0
                0x0800183c                        . = ALIGN (0x4)
                0x0800183c                        PROVIDE (__preinit_array_start = .)
 *(.preinit_array*)
                0x0800183c                        PROVIDE (__preinit_array_end = .)
                0x0800183c                        . = ALIGN (0x4)

.init_array     0x0800183c        0x4
                0x0800183c                        . = ALIGN (0x4)
                0x0800183c                        PROVIDE (__init_array_start = .)
 *(SORT_BY_NAME(.init_array.*))
 *(.init_array*)
 .init_array    0x0800183c        0x4 /home/sunbeam/stm/plugins/com.st.stm32cube.ide.mcu.externaltools.gnu-tools-for-stm32.13.3.rel1.linux64_1.0.0.202410170706/tools/bin/../lib/gcc/arm-none-eabi/13.3.1/thumb/v7e-m/nofp/crtbegin.o
                0x08001840                        PROVIDE (__init_array_end = .)
                0x08001840                        . = ALIGN (0x4)

.fini_array     0x08001840        0x4
                0x08001840                        . = ALIGN (0x4)
                [!provide]                        PROVIDE (__fini_array_start = .)
 *(SORT_BY_NAME(.fini_array.*))
 *(.fini_array*)
 .fini_array    0x08001840        0x4 /home/sunbeam/stm/plugins/com.st.stm32cube.ide.mcu.externaltools.gnu-tools-for-stm32.13.3.rel1.linux64_1.0.0.202410170706/tools/bin/../lib/gcc/arm-none-eabi/13.3.1/thumb/v7e-m/nofp/crtbegin.o
                [!provide]                        PROVIDE (__fini_array_end = .)
                0x08001844                        . = ALIGN (0x4)
                0x08001844                        _sidata = LOADADDR (.data)

.rel.dyn        0x08001844        0x0
 .rel.iplt      0x08001844        0x0 /home/sunbeam/stm/plugins/com.st.stm32cube.ide.mcu.externaltools.gnu-tools-for-stm32.13.3.rel1.linux64_1.0.0.202410170706/tools/bin/../lib/gcc/arm-none-eabi/13.3.1/thumb/v7e-m/nofp/crtbegin.o

.data           0x20000000       0x54 load address 0x08001844
                0x20000000                        . = ALIGN (0x4)
                0x20000000                        _sdata = .
 *(.data)
 *(.data*)
 .data.SystemCoreClock
                0x20000000        0x4 ./Src/system_stm32f4xx.o
                0x20000000                SystemCoreClock
 .data._impure_ptr
                0x20000004        0x4 /home/sunbeam/stm/plugins/com.st.stm32cube.ide.mcu.externaltools.gnu-tools-for-stm32.13.3.rel1.linux64_1.0.0.202410170706/tools/bin/../lib/gcc/arm-none-eabi/13.3.1/../../../../arm-none-eabi/lib/thumb/v7e-m/nofp/libc_nano.a(libc_a-impure.o)
                0x20000004                _impure_ptr
 .data._impure_data
                0x20000008       0x4c /home/sunbeam/stm/plugins/com.st.stm32cube.ide.mcu.externaltools.gnu-tools-for-stm32.13.3.rel1.linux64_1.0.0.202410170706/tools/bin/../lib/gcc/arm-none-eabi/13.3.1/../../../../arm-none-eabi/lib/thumb/v7e-m/nofp/libc_nano.a(libc_a-impure.o)
                0x20000008                _impure_data
 *(.RamFunc)
 *(.RamFunc*)
                0x20000054                        . = ALIGN (0x4)
                0x20000054                        _edata = .
                0x08001898                        _siccmram = LOADADDR (.ccmram)

.igot.plt       0x20000054        0x0 load address 0x08001898
 .igot.plt      0x20000054        0x0 /home/sunbeam/stm/plugins/com.st.stm32cube.ide.mcu.externaltools.gnu-tools-for-stm32.13.3.rel1.linux64_1.0.0.202410170706/tools/bin/../lib/gcc/arm-none-eabi/13.3.1/thumb/v7e-m/nofp/crtbegin.o

.ccmram         0x10000000        0x0 load address 0x08001898
                0x10000000                        . = ALIGN (0x4)
                0x10000000                        _sccmram = .
 *(.ccmram)
 *(.ccmram*)
                0x10000000                        . = ALIGN (0x4)
                0x10000000                        _eccmram = .
                0x10000000                        . = ALIGN (0x4)

.bss            0x20000054      0x168
                0x20000054                        _sbss = .
                0x20000054                        __bss_start__ = _sbss
 *(.bss)
 .bss           0x20000054       0x1c /home/sunbeam/stm/plugins/com.st.stm32cube.ide.mcu.externaltools.gnu-tools-for-stm32.13.3.rel1.linux64_1.0.0.202410170706/tools/bin/../lib/gcc/arm-none-eabi/13.3.1/thumb/v7e-m/nofp/crtbegin.o
 *(.bss*)
 .bss.__sbrk_heap_end
                0x20000070        0x4 ./Src/sysmem.o
 .bss.__sf      0x20000074      0x138 /home/sunbeam/stm/plugins/com.st.stm32cube.ide.mcu.externaltools.gnu-tools-for-stm32.13.3.rel1.linux64_1.0.0.202410170706/tools/bin/../lib/gcc/arm-none-eabi/13.3.1/../../../../arm-none-eabi/lib/thumb/v7e-m/nofp/libc_nano.a(libc_a-findfp.o)
                0x20000074                __sf
 .bss.errno     0x200001ac        0x4 /home/sunbeam/stm/plugins/com.st.stm32cube.ide.mcu.externaltools.gnu-tools-for-stm32.13.3.rel1.linux64_1.0.0.202410170706/tools/bin/../lib/gcc/arm-none-eabi/13.3.1/../../../../arm-none-eabi/lib/thumb/v7e-m/nofp/libc_nano.a(libc_a-reent.o)
                0x200001ac                errno
 .bss.__lock___malloc_recursive_mutex
                0x200001b0        0x1 /home/sunbeam/stm/plugins/com.st.stm32cube.ide.mcu.externaltools.gnu-tools-for-stm32.13.3.rel1.linux64_1.0.0.202410170706/tools/bin/../lib/gcc/arm-none-eabi/13.3.1/../../../../arm-none-eabi/lib/thumb/v7e-m/nofp/libc_nano.a(libc_a-lock.o)
                0x200001b0                __lock___malloc_recursive_mutex
 *fill*         0x200001b1        0x3 
 .bss.__malloc_sbrk_start
                0x200001b4        0x4 /home/sunbeam/stm/plugins/com.st.stm32cube.ide.mcu.externaltools.gnu-tools-for-stm32.13.3.rel1.linux64_1.0.0.202410170706/tools/bin/../lib/gcc/arm-none-eabi/13.3.1/../../../../arm-none-eabi/lib/thumb/v7e-m/nofp/libc_nano.a(libc_a-mallocr.o)
                0x200001b4                __malloc_sbrk_start
 .bss.__malloc_free_list
                0x200001b8        0x4 /home/sunbeam/stm/plugins/com.st.stm32cube.ide.mcu.externaltools.gnu-tools-for-stm32.13.3.rel1.linux64_1.0.0.202410170706/tools/bin/../lib/gcc/arm-none-eabi/13.3.1/../../../../arm-none-eabi/lib/thumb/v7e-m/nofp/libc_nano.a(libc_a-mallocr.o)
                0x200001b8                __malloc_free_list
 *(COMMON)
                0x200001bc                        . = ALIGN (0x4)
                0x200001bc                        _ebss = .
                0x200001bc                        __bss_end__ = _ebss

._user_heap_stack
                0x200001bc      0x604
                0x200001c0                        . = ALIGN (0x8)
 *fill*         0x200001bc        0x4 
                [!provide]                        PROVIDE (end = .)
                0x200001c0                        PROVIDE (_end = .)
                0x200003c0                        . = (. + _Min_Heap_Size)
 *fill*         0x200001c0      0x200 
                0x200007c0                        . = (. + _Min_Stack_Size)
 *fill*         0x200003c0      0x400 
                0x200007c0                        . = ALIGN (0x8)

/DISCARD/
 libc.a(*)
 libm.a(*)
 libgcc.a(*)

.ARM.attributes
                0x00000000       0x2a
 *(.ARM.attributes)
 .ARM.attributes
                0x00000000       0x1e /home/sunbeam/stm/plugins/com.st.stm32cube.ide.mcu.externaltools.gnu-tools-for-stm32.13.3.rel1.linux64_1.0.0.202410170706/tools/bin/../lib/gcc/arm-none-eabi/13.3.1/thumb/v7e-m/nofp/crti.o
 .ARM.attributes
                0x0000001e       0x2e /home/sunbeam/stm/plugins/com.st.stm32cube.ide.mcu.externaltools.gnu-tools-for-stm32.13.3.rel1.linux64_1.0.0.202410170706/tools/bin/../lib/gcc/arm-none-eabi/13.3.1/thumb/v7e-m/nofp/crtbegin.o
 .ARM.attributes
                0x0000004c       0x2e ./Src/adc.o
 .ARM.attributes
                0x0000007a       0x2e ./Src/dht22.o
 .ARM.attributes
                0x000000a8       0x2e ./Src/i2c.o
 .ARM.attributes
                0x000000d6       0x2e ./Src/lcd.o
 .ARM.attributes
                0x00000104       0x2e ./Src/main.o
 .ARM.attributes
                0x00000132       0x2e ./Src/rain_sensor.o
 .ARM.attributes
                0x00000160       0x2e ./Src/soil_sensor.o
 .ARM.attributes
                0x0000018e       0x2e ./Src/sysmem.o
 .ARM.attributes
                0x000001bc       0x2e ./Src/system_stm32f4xx.o
 .ARM.attributes
                0x000001ea       0x2e ./Src/uart.o
 .ARM.attributes
                0x00000218       0x21 ./Startup/startup_stm32f407vgtx.o
 .ARM.attributes
                0x00000239       0x2e /home/sunbeam/stm/plugins/com.st.stm32cube.ide.mcu.externaltools.gnu-tools-for-stm32.13.3.rel1.linux64_1.0.0.202410170706/tools/bin/../lib/gcc/arm-none-eabi/13.3.1/../../../../arm-none-eabi/lib/thumb/v7e-m/nofp/libc_nano.a(libc_a-findfp.o)
 .ARM.attributes
                0x00000267       0x2e /home/sunbeam/stm/plugins/com.st.stm32cube.ide.mcu.externaltools.gnu-tools-for-stm32.13.3.rel1.linux64_1.0.0.202410170706/tools/bin/../lib/gcc/arm-none-eabi/13.3.1/../../../../arm-none-eabi/lib/thumb/v7e-m/nofp/libc_nano.a(libc_a-sprintf.o)
 .ARM.attributes
                0x00000295       0x2e /home/sunbeam/stm/plugins/com.st.stm32cube.ide.mcu.externaltools.gnu-tools-for-stm32.13.3.rel1.linux64_1.0.0.202410170706/tools/bin/../lib/gcc/arm-none-eabi/13.3.1/../../../../arm-none-eabi/lib/thumb/v7e-m/nofp/libc_nano.a(libc_a-reent.o)
 .ARM.attributes
                0x000002c3       0x2e /home/sunbeam/stm/plugins/com.st.stm32cube.ide.mcu.externaltools.gnu-tools-for-stm32.13.3.rel1.linux64_1.0.0.202410170706/tools/bin/../lib/gcc/arm-none-eabi/13.3.1/../../../../arm-none-eabi/lib/thumb/v7e-m/nofp/libc_nano.a(libc_a-impure.o)
 .ARM.attributes
                0x000002f1       0x2e /home/sunbeam/stm/plugins/com.st.stm32cube.ide.mcu.externaltools.gnu-tools-for-stm32.13.3.rel1.linux64_1.0.0.202410170706/tools/bin/../lib/gcc/arm-none-eabi/13.3.1/../../../../arm-none-eabi/lib/thumb/v7e-m/nofp/libc_nano.a(libc_a-errno.o)
 .ARM.attributes
                0x0000031f       0x2e /home/sunbeam/stm/plugins/com.st.stm32cube.ide.mcu.externaltools.gnu-tools-for-stm32.13.3.rel1.linux64_1.0.0.202410170706/tools/bin/../lib/gcc/arm-none-eabi/13.3.1/../../../../arm-none-eabi/lib/thumb/v7e-m/nofp/libc_nano.a(libc_a-init.o)
 .ARM.attributes
                0x0000034d       0x2e /home/sunbeam/stm/plugins/com.st.stm32cube.ide.mcu.externaltools.gnu-tools-for-stm32.13.3.rel1.linux64_1.0.0.202410170706/tools/bin/../lib/gcc/arm-none-eabi/13.3.1/../../../../arm-none-eabi/lib/thumb/v7e-m/nofp/libc_nano.a(libc_a-lock.o)
 .ARM.attributes
                0x0000037b       0x2e /home/sunbeam/stm/plugins/com.st.stm32cube.ide.mcu.externaltools.gnu-tools-for-stm32.13.3.rel1.linux64_1.0.0.202410170706/tools/bin/../lib/gcc/arm-none-eabi/13.3.1/../../../../arm-none-eabi/lib/thumb/v7e-m/nofp/libc_nano.a(libc_a-freer.o)
 .ARM.attributes
                0x000003a9       0x2e /home/sunbeam/stm/plugins/com.st.stm32cube.ide.mcu.externaltools.gnu-tools-for-stm32.13.3.rel1.linux64_1.0.0.202410170706/tools/bin/../lib/gcc/arm-none-eabi/13.3.1/../../../../arm-none-eabi/lib/thumb/v7e-m/nofp/libc_nano.a(libc_a-mallocr.o)
 .ARM.attributes
                0x000003d7       0x2e /home/sunbeam/stm/plugins/com.st.stm32cube.ide.mcu.externaltools.gnu-tools-for-stm32.13.3.rel1.linux64_1.0.0.202410170706/tools/bin/../lib/gcc/arm-none-eabi/13.3.1/../../../../arm-none-eabi/lib/thumb/v7e-m/nofp/libc_nano.a(libc_a-mlock.o)
 .ARM.attributes
                0x00000405       0x2e /home/sunbeam/stm/plugins/com.st.stm32cube.ide.mcu.externaltools.gnu-tools-for-stm32.13.3.rel1.linux64_1.0.0.202410170706/tools/bin/../lib/gcc/arm-none-eabi/13.3.1/../../../../arm-none-eabi/lib/thumb/v7e-m/nofp/libc_nano.a(libc_a-nano-svfprintf.o)
 .ARM.attributes
                0x00000433       0x2e /home/sunbeam/stm/plugins/com.st.stm32cube.ide.mcu.externaltools.gnu-tools-for-stm32.13.3.rel1.linux64_1.0.0.202410170706/tools/bin/../lib/gcc/arm-none-eabi/13.3.1/../../../../arm-none-eabi/lib/thumb/v7e-m/nofp/libc_nano.a(libc_a-nano-vfprintf_i.o)
 .ARM.attributes
                0x00000461       0x2e /home/sunbeam/stm/plugins/com.st.stm32cube.ide.mcu.externaltools.gnu-tools-for-stm32.13.3.rel1.linux64_1.0.0.202410170706/tools/bin/../lib/gcc/arm-none-eabi/13.3.1/../../../../arm-none-eabi/lib/thumb/v7e-m/nofp/libc_nano.a(libc_a-memmove.o)
 .ARM.attributes
                0x0000048f       0x2e /home/sunbeam/stm/plugins/com.st.stm32cube.ide.mcu.externaltools.gnu-tools-for-stm32.13.3.rel1.linux64_1.0.0.202410170706/tools/bin/../lib/gcc/arm-none-eabi/13.3.1/../../../../arm-none-eabi/lib/thumb/v7e-m/nofp/libc_nano.a(libc_a-sbrkr.o)
 .ARM.attributes
                0x000004bd       0x1c /home/sunbeam/stm/plugins/com.st.stm32cube.ide.mcu.externaltools.gnu-tools-for-stm32.13.3.rel1.linux64_1.0.0.202410170706/tools/bin/../lib/gcc/arm-none-eabi/13.3.1/../../../../arm-none-eabi/lib/thumb/v7e-m/nofp/libc_nano.a(libc_a-memchr.o)
 .ARM.attributes
                0x000004d9       0x2e /home/sunbeam/stm/plugins/com.st.stm32cube.ide.mcu.externaltools.gnu-tools-for-stm32.13.3.rel1.linux64_1.0.0.202410170706/tools/bin/../lib/gcc/arm-none-eabi/13.3.1/../../../../arm-none-eabi/lib/thumb/v7e-m/nofp/libc_nano.a(libc_a-memcpy-stub.o)
 .ARM.attributes
                0x00000507       0x2e /home/sunbeam/stm/plugins/com.st.stm32cube.ide.mcu.externaltools.gnu-tools-for-stm32.13.3.rel1.linux64_1.0.0.202410170706/tools/bin/../lib/gcc/arm-none-eabi/13.3.1/../../../../arm-none-eabi/lib/thumb/v7e-m/nofp/libc_nano.a(libc_a-reallocr.o)
 .ARM.attributes
                0x00000535       0x2e /home/sunbeam/stm/plugins/com.st.stm32cube.ide.mcu.externaltools.gnu-tools-for-stm32.13.3.rel1.linux64_1.0.0.202410170706/tools/bin/../lib/gcc/arm-none-eabi/13.3.1/../../../../arm-none-eabi/lib/thumb/v7e-m/nofp/libc_nano.a(libc_a-msizer.o)
 .ARM.attributes
                0x00000563       0x1e /home/sunbeam/stm/plugins/com.st.stm32cube.ide.mcu.externaltools.gnu-tools-for-stm32.13.3.rel1.linux64_1.0.0.202410170706/tools/bin/../lib/gcc/arm-none-eabi/13.3.1/thumb/v7e-m/nofp/crtn.o
OUTPUT(weather_monitor.elf elf32-littlearm)
LOAD linker stubs
LOAD /home/sunbeam/stm/plugins/com.st.stm32cube.ide.mcu.externaltools.gnu-tools-for-stm32.13.3.rel1.linux64_1.0.0.202410170706/tools/bin/../lib/gcc/arm-none-eabi/13.3.1/../../../../arm-none-eabi/lib/thumb/v7e-m/nofp/libc.a
LOAD /home/sunbeam/stm/plugins/com.st.stm32cube.ide.mcu.externaltools.gnu-tools-for-stm32.13.3.rel1.linux64_1.0.0.202410170706/tools/bin/../lib/gcc/arm-none-eabi/13.3.1/../../../../arm-none-eabi/lib/thumb/v7e-m/nofp/libm.a
LOAD /home/sunbeam/stm/plugins/com.st.stm32cube.ide.mcu.externaltools.gnu-tools-for-stm32.13.3.rel1.linux64_1.0.0.202410170706/tools/bin/../lib/gcc/arm-none-eabi/13.3.1/thumb/v7e-m/nofp/libgcc.a

.debug_info     0x00000000     0x22c4
 .debug_info    0x00000000      0x43b ./Src/adc.o
 .debug_info    0x0000043b      0x4a4 ./Src/dht22.o
 .debug_info    0x000008df      0x426 ./Src/i2c.o
 .debug_info    0x00000d05      0x354 ./Src/lcd.o
 .debug_info    0x00001059      0x2eb ./Src/main.o
 .debug_info    0x00001344      0x408 ./Src/rain_sensor.o
 .debug_info    0x0000174c       0xcd ./Src/soil_sensor.o
 .debug_info    0x00001819      0x168 ./Src/sysmem.o
 .debug_info    0x00001981      0x546 ./Src/system_stm32f4xx.o
 .debug_info    0x00001ec7      0x3cd ./Src/uart.o
 .debug_info    0x00002294       0x30 ./Startup/startup_stm32f407vgtx.o

.debug_abbrev   0x00000000      0xb8d
 .debug_abbrev  0x00000000      0x11b ./Src/adc.o
 .debug_abbrev  0x0000011b      0x186 ./Src/dht22.o
 .debug_abbrev  0x000002a1      0x138 ./Src/i2c.o
 .debug_abbrev  0x000003d9      0x173 ./Src/lcd.o
 .debug_abbrev  0x0000054c      0x152 ./Src/main.o
 .debug_abbrev  0x0000069e      0x107 ./Src/rain_sensor.o
 .debug_abbrev  0x000007a5       0x74 ./Src/soil_sensor.o
 .debug_abbrev  0x00000819       0xbc ./Src/sysmem.o
 .debug_abbrev  0x000008d5      0x163 ./Src/system_stm32f4xx.o
 .debug_abbrev  0x00000a38      0x131 ./Src/uart.o
 .debug_abbrev  0x00000b69       0x24 ./Startup/startup_stm32f407vgtx.o

.debug_aranges  0x00000000      0x248
 .debug_aranges
                0x00000000       0x28 ./Src/adc.o
 .debug_aranges
                0x00000028       0x50 ./Src/dht22.o
 .debug_aranges
                0x00000078       0x60 ./Src/i2c.o
 .debug_aranges
                0x000000d8       0x40 ./Src/lcd.o
 .debug_aranges
                0x00000118       0x28 ./Src/main.o
 .debug_aranges
                0x00000140       0x30 ./Src/rain_sensor.o
 .debug_aranges
                0x00000170       0x20 ./Src/soil_sensor.o
 .debug_aranges
                0x00000190       0x20 ./Src/sysmem.o
 .debug_aranges
                0x000001b0       0x38 ./Src/system_stm32f4xx.o
 .debug_aranges
                0x000001e8       0x38 ./Src/uart.o
 .debug_aranges
                0x00000220       0x28 ./Startup/startup_stm32f407vgtx.o

.debug_rnglists
                0x00000000      0x185
 .debug_rnglists
                0x00000000       0x1a ./Src/adc.o
 .debug_rnglists
                0x0000001a       0x38 ./Src/dht22.o
 .debug_rnglists
                0x00000052       0x44 ./Src/i2c.o
 .debug_rnglists
                0x00000096       0x2b ./Src/lcd.o
 .debug_rnglists
                0x000000c1       0x1a ./Src/main.o
 .debug_rnglists
                0x000000db       0x20 ./Src/rain_sensor.o
 .debug_rnglists
                0x000000fb       0x13 ./Src/soil_sensor.o
 .debug_rnglists
                0x0000010e       0x13 ./Src/sysmem.o
 .debug_rnglists
                0x00000121       0x26 ./Src/system_stm32f4xx.o
 .debug_rnglists
                0x00000147       0x25 ./Src/uart.o
 .debug_rnglists
                0x0000016c       0x19 ./Startup/startup_stm32f407vgtx.o

.debug_macro    0x00000000    0x1978f
 .debug_macro   0x00000000       0xd8 ./Src/adc.o
 .debug_macro   0x000000d8      0xad8 ./Src/adc.o
 .debug_macro   0x00000bb0       0x22 ./Src/adc.o
 .debug_macro   0x00000bd2       0x8e ./Src/adc.o
 .debug_macro   0x00000c60       0x51 ./Src/adc.o
 .debug_macro   0x00000cb1      0x103 ./Src/adc.o
 .debug_macro   0x00000db4       0x6a ./Src/adc.o
 .debug_macro   0x00000e1e      0x1df ./Src/adc.o
 .debug_macro   0x00000ffd       0x2e ./Src/adc.o
 .debug_macro   0x0000102b       0x2f ./Src/adc.o
 .debug_macro   0x0000105a       0x1c ./Src/adc.o
 .debug_macro   0x00001076       0x22 ./Src/adc.o
 .debug_macro   0x00001098       0xd9 ./Src/adc.o
 .debug_macro   0x00001171     0x102d ./Src/adc.o
 .debug_macro   0x0000219e      0x11f ./Src/adc.o
 .debug_macro   0x000022bd    0x15e3c ./Src/adc.o
 .debug_macro   0x000180f9       0x4a ./Src/adc.o
 .debug_macro   0x00018143       0xe4 ./Src/dht22.o
 .debug_macro   0x00018227       0xd8 ./Src/i2c.o
 .debug_macro   0x000182ff       0xe7 ./Src/lcd.o
 .debug_macro   0x000183e6       0x64 ./Src/lcd.o
 .debug_macro   0x0001844a      0x1ef ./Src/main.o
 .debug_macro   0x00018639       0x61 ./Src/main.o
 .debug_macro   0x0001869a       0x24 ./Src/main.o
 .debug_macro   0x000186be       0x43 ./Src/main.o
 .debug_macro   0x00018701       0x34 ./Src/main.o
 .debug_macro   0x00018735       0x16 ./Src/main.o
 .debug_macro   0x0001874b       0x9e ./Src/main.o
 .debug_macro   0x000187e9      0x370 ./Src/main.o
 .debug_macro   0x00018b59      0x112 ./Src/main.o
 .debug_macro   0x00018c6b       0x10 ./Src/main.o
 .debug_macro   0x00018c7b       0x16 ./Src/main.o
 .debug_macro   0x00018c91       0x4a ./Src/main.o
 .debug_macro   0x00018cdb       0x34 ./Src/main.o
 .debug_macro   0x00018d0f       0x10 ./Src/main.o
 .debug_macro   0x00018d1f       0x58 ./Src/main.o
 .debug_macro   0x00018d77       0x8e ./Src/main.o
 .debug_macro   0x00018e05       0x1c ./Src/main.o
 .debug_macro   0x00018e21      0x185 ./Src/main.o
 .debug_macro   0x00018fa6       0x16 ./Src/main.o
 .debug_macro   0x00018fbc       0x16 ./Src/main.o
 .debug_macro   0x00018fd2      0x146 ./Src/main.o
 .debug_macro   0x00019118       0x10 ./Src/main.o
 .debug_macro   0x00019128       0xe4 ./Src/rain_sensor.o
 .debug_macro   0x0001920c       0x7c ./Src/soil_sensor.o
 .debug_macro   0x00019288      0x112 ./Src/sysmem.o
 .debug_macro   0x0001939a      0x23c ./Src/sysmem.o
 .debug_macro   0x000195d6       0xe1 ./Src/system_stm32f4xx.o
 .debug_macro   0x000196b7       0xd8 ./Src/uart.o

.debug_line     0x00000000     0x2f32
 .debug_line    0x00000000      0x42d ./Src/adc.o
 .debug_line    0x0000042d      0x55f ./Src/dht22.o
 .debug_line    0x0000098c      0x599 ./Src/i2c.o
 .debug_line    0x00000f25      0x498 ./Src/lcd.o
 .debug_line    0x000013bd      0x5ad ./Src/main.o
 .debug_line    0x0000196a      0x460 ./Src/rain_sensor.o
 .debug_line    0x00001dca      0x347 ./Src/soil_sensor.o
 .debug_line    0x00002111      0x486 ./Src/sysmem.o
 .debug_line    0x00002597      0x4a8 ./Src/system_stm32f4xx.o
 .debug_line    0x00002a3f      0x478 ./Src/uart.o
 .debug_line    0x00002eb7       0x7b ./Startup/startup_stm32f407vgtx.o

.debug_str      0x00000000    0x8c20c
 .debug_str     0x00000000    0x8c20c ./Src/adc.o
                              0x87d6c (size before relaxing)
 .debug_str     0x0008c20c    0x87dc5 ./Src/dht22.o
 .debug_str     0x0008c20c    0x87d67 ./Src/i2c.o
 .debug_str     0x0008c20c    0x87de2 ./Src/lcd.o
 .debug_str     0x0008c20c    0x8b925 ./Src/main.o
 .debug_str     0x0008c20c    0x87dbc ./Src/rain_sensor.o
 .debug_str     0x0008c20c     0x3de6 ./Src/soil_sensor.o
 .debug_str     0x0008c20c     0x774d ./Src/sysmem.o
 .debug_str     0x0008c20c    0x87e2e ./Src/system_stm32f4xx.o
 .debug_str     0x0008c20c    0x87d19 ./Src/uart.o
 .debug_str     0x0008c20c       0x76 ./Startup/startup_stm32f407vgtx.o

.comment        0x00000000       0x43
 .comment       0x00000000       0x43 ./Src/adc.o
                                 0x44 (size before relaxing)
 .comment       0x00000043       0x44 ./Src/dht22.o
 .comment       0x00000043       0x44 ./Src/i2c.o
 .comment       0x00000043       0x44 ./Src/lcd.o
 .comment       0x00000043       0x44 ./Src/main.o
 .comment       0x00000043       0x44 ./Src/rain_sensor.o
 .comment       0x00000043       0x44 ./Src/soil_sensor.o
 .comment       0x00000043       0x44 ./Src/sysmem.o
 .comment       0x00000043       0x44 ./Src/system_stm32f4xx.o
 .comment       0x00000043       0x44 ./Src/uart.o

.debug_frame    0x00000000      0xb10
 .debug_frame   0x00000000       0x58 ./Src/adc.o
 .debug_frame   0x00000058      0x100 ./Src/dht22.o
 .debug_frame   0x00000158      0x140 ./Src/i2c.o
 .debug_frame   0x00000298       0xc0 ./Src/lcd.o
 .debug_frame   0x00000358       0x58 ./Src/main.o
 .debug_frame   0x000003b0       0x70 ./Src/rain_sensor.o
 .debug_frame   0x00000420       0x2c ./Src/soil_sensor.o
 .debug_frame   0x0000044c       0x34 ./Src/sysmem.o
 .debug_frame   0x00000480       0x84 ./Src/system_stm32f4xx.o
 .debug_frame   0x00000504       0xa0 ./Src/uart.o
 .debug_frame   0x000005a4      0x144 /home/sunbeam/stm/plugins/com.st.stm32cube.ide.mcu.externaltools.gnu-tools-for-stm32.13.3.rel1.linux64_1.0.0.202410170706/tools/bin/../lib/gcc/arm-none-eabi/13.3.1/../../../../arm-none-eabi/lib/thumb/v7e-m/nofp/libc_nano.a(libc_a-findfp.o)
 .debug_frame   0x000006e8       0x74 /home/sunbeam/stm/plugins/com.st.stm32cube.ide.mcu.externaltools.gnu-tools-for-stm32.13.3.rel1.linux64_1.0.0.202410170706/tools/bin/../lib/gcc/arm-none-eabi/13.3.1/../../../../arm-none-eabi/lib/thumb/v7e-m/nofp/libc_nano.a(libc_a-sprintf.o)
 .debug_frame   0x0000075c       0x38 /home/sunbeam/stm/plugins/com.st.stm32cube.ide.mcu.externaltools.gnu-tools-for-stm32.13.3.rel1.linux64_1.0.0.202410170706/tools/bin/../lib/gcc/arm-none-eabi/13.3.1/../../../../arm-none-eabi/lib/thumb/v7e-m/nofp/libc_nano.a(libc_a-reent.o)
 .debug_frame   0x00000794       0x20 /home/sunbeam/stm/plugins/com.st.stm32cube.ide.mcu.externaltools.gnu-tools-for-stm32.13.3.rel1.linux64_1.0.0.202410170706/tools/bin/../lib/gcc/arm-none-eabi/13.3.1/../../../../arm-none-eabi/lib/thumb/v7e-m/nofp/libc_nano.a(libc_a-errno.o)
 .debug_frame   0x000007b4       0x2c /home/sunbeam/stm/plugins/com.st.stm32cube.ide.mcu.externaltools.gnu-tools-for-stm32.13.3.rel1.linux64_1.0.0.202410170706/tools/bin/../lib/gcc/arm-none-eabi/13.3.1/../../../../arm-none-eabi/lib/thumb/v7e-m/nofp/libc_nano.a(libc_a-init.o)
 .debug_frame   0x000007e0       0xb0 /home/sunbeam/stm/plugins/com.st.stm32cube.ide.mcu.externaltools.gnu-tools-for-stm32.13.3.rel1.linux64_1.0.0.202410170706/tools/bin/../lib/gcc/arm-none-eabi/13.3.1/../../../../arm-none-eabi/lib/thumb/v7e-m/nofp/libc_nano.a(libc_a-lock.o)
 .debug_frame   0x00000890       0x38 /home/sunbeam/stm/plugins/com.st.stm32cube.ide.mcu.externaltools.gnu-tools-for-stm32.13.3.rel1.linux64_1.0.0.202410170706/tools/bin/../lib/gcc/arm-none-eabi/13.3.1/../../../../arm-none-eabi/lib/thumb/v7e-m/nofp/libc_nano.a(libc_a-freer.o)
 .debug_frame   0x000008c8       0x50 /home/sunbeam/stm/plugins/com.st.stm32cube.ide.mcu.externaltools.gnu-tools-for-stm32.13.3.rel1.linux64_1.0.0.202410170706/tools/bin/../lib/gcc/arm-none-eabi/13.3.1/../../../../arm-none-eabi/lib/thumb/v7e-m/nofp/libc_nano.a(libc_a-mallocr.o)
 .debug_frame   0x00000918       0x30 /home/sunbeam/stm/plugins/com.st.stm32cube.ide.mcu.externaltools.gnu-tools-for-stm32.13.3.rel1.linux64_1.0.0.202410170706/tools/bin/../lib/gcc/arm-none-eabi/13.3.1/../../../../arm-none-eabi/lib/thumb/v7e-m/nofp/libc_nano.a(libc_a-mlock.o)
 .debug_frame   0x00000948       0x90 /home/sunbeam/stm/plugins/com.st.stm32cube.ide.mcu.externaltools.gnu-tools-for-stm32.13.3.rel1.linux64_1.0.0.202410170706/tools/bin/../lib/gcc/arm-none-eabi/13.3.1/../../../../arm-none-eabi/lib/thumb/v7e-m/nofp/libc_nano.a(libc_a-nano-svfprintf.o)
 .debug_frame   0x000009d8       0x60 /home/sunbeam/stm/plugins/com.st.stm32cube.ide.mcu.externaltools.gnu-tools-for-stm32.13.3.rel1.linux64_1.0.0.202410170706/tools/bin/../lib/gcc/arm-none-eabi/13.3.1/../../../../arm-none-eabi/lib/thumb/v7e-m/nofp/libc_nano.a(libc_a-nano-vfprintf_i.o)
 .debug_frame   0x00000a38       0x28 /home/sunbeam/stm/plugins/com.st.stm32cube.ide.mcu.externaltools.gnu-tools-for-stm32.13.3.rel1.linux64_1.0.0.202410170706/tools/bin/../lib/gcc/arm-none-eabi/13.3.1/../../../../arm-none-eabi/lib/thumb/v7e-m/nofp/libc_nano.a(libc_a-memmove.o)
 .debug_frame   0x00000a60       0x2c /home/sunbeam/stm/plugins/com.st.stm32cube.ide.mcu.externaltools.gnu-tools-for-stm32.13.3.rel1.linux64_1.0.0.202410170706/tools/bin/../lib/gcc/arm-none-eabi/13.3.1/../../../../arm-none-eabi/lib/thumb/v7e-m/nofp/libc_nano.a(libc_a-sbrkr.o)
 .debug_frame   0x00000a8c       0x28 /home/sunbeam/stm/plugins/com.st.stm32cube.ide.mcu.externaltools.gnu-tools-for-stm32.13.3.rel1.linux64_1.0.0.202410170706/tools/bin/../lib/gcc/arm-none-eabi/13.3.1/../../../../arm-none-eabi/lib/thumb/v7e-m/nofp/libc_nano.a(libc_a-memcpy-stub.o)
 .debug_frame   0x00000ab4       0x3c /home/sunbeam/stm/plugins/com.st.stm32cube.ide.mcu.externaltools.gnu-tools-for-stm32.13.3.rel1.linux64_1.0.0.202410170706/tools/bin/../lib/gcc/arm-none-eabi/13.3.1/../../../../arm-none-eabi/lib/thumb/v7e-m/nofp/libc_nano.a(libc_a-reallocr.o)
 .debug_frame   0x00000af0       0x20 /home/sunbeam/stm/plugins/com.st.stm32cube.ide.mcu.externaltools.gnu-tools-for-stm32.13.3.rel1.linux64_1.0.0.202410170706/tools/bin/../lib/gcc/arm-none-eabi/13.3.1/../../../../arm-none-eabi/lib/thumb/v7e-m/nofp/libc_nano.a(libc_a-msizer.o)

.debug_loclists
                0x00000000       0x25
 .debug_loclists
                0x00000000       0x25 ./Src/system_stm32f4xx.o

.debug_line_str
                0x00000000       0x5a
 .debug_line_str
                0x00000000       0x5a ./Startup/startup_stm32f407vgtx.o
