Archive member included to satisfy reference by file (symbol)

/home/sunbeam/stm/plugins/com.st.stm32cube.ide.mcu.externaltools.gnu-tools-for-stm32.13.3.rel1.linux64_1.0.0.202410170706/tools/bin/../lib/gcc/arm-none-eabi/13.3.1/../../../../arm-none-eabi/lib/thumb/v7e-m/nofp/libc_nano.a(libc_a-exit.o)
                              /home/sunbeam/stm/plugins/com.st.stm32cube.ide.mcu.externaltools.gnu-tools-for-stm32.13.3.rel1.linux64_1.0.0.202410170706/tools/bin/../lib/gcc/arm-none-eabi/13.3.1/../../../../arm-none-eabi/lib/thumb/v7e-m/nofp/crt0.o (exit)
/home/sunbeam/stm/plugins/com.st.stm32cube.ide.mcu.externaltools.gnu-tools-for-stm32.13.3.rel1.linux64_1.0.0.202410170706/tools/bin/../lib/gcc/arm-none-eabi/13.3.1/../../../../arm-none-eabi/lib/thumb/v7e-m/nofp/libc_nano.a(libc_a-findfp.o)
                              /home/sunbeam/stm/plugins/com.st.stm32cube.ide.mcu.externaltools.gnu-tools-for-stm32.13.3.rel1.linux64_1.0.0.202410170706/tools/bin/../lib/gcc/arm-none-eabi/13.3.1/../../../../arm-none-eabi/lib/thumb/v7e-m/nofp/libc_nano.a(libc_a-exit.o) (__stdio_exit_handler)
/home/sunbeam/stm/plugins/com.st.stm32cube.ide.mcu.externaltools.gnu-tools-for-stm32.13.3.rel1.linux64_1.0.0.202410170706/tools/bin/../lib/gcc/arm-none-eabi/13.3.1/../../../../arm-none-eabi/lib/thumb/v7e-m/nofp/libc_nano.a(libc_a-fwalk.o)
                              /home/sunbeam/stm/plugins/com.st.stm32cube.ide.mcu.externaltools.gnu-tools-for-stm32.13.3.rel1.linux64_1.0.0.202410170706/tools/bin/../lib/gcc/arm-none-eabi/13.3.1/../../../../arm-none-eabi/lib/thumb/v7e-m/nofp/libc_nano.a(libc_a-findfp.o) (_fwalk_sglue)
/home/sunbeam/stm/plugins/com.st.stm32cube.ide.mcu.externaltools.gnu-tools-for-stm32.13.3.rel1.linux64_1.0.0.202410170706/tools/bin/../lib/gcc/arm-none-eabi/13.3.1/../../../../arm-none-eabi/lib/thumb/v7e-m/nofp/libc_nano.a(libc_a-printf.o)
                              ./Src/main.o (printf)
/home/sunbeam/stm/plugins/com.st.stm32cube.ide.mcu.externaltools.gnu-tools-for-stm32.13.3.rel1.linux64_1.0.0.202410170706/tools/bin/../lib/gcc/arm-none-eabi/13.3.1/../../../../arm-none-eabi/lib/thumb/v7e-m/nofp/libc_nano.a(libc_a-stdio.o)
                              /home/sunbeam/stm/plugins/com.st.stm32cube.ide.mcu.externaltools.gnu-tools-for-stm32.13.3.rel1.linux64_1.0.0.202410170706/tools/bin/../lib/gcc/arm-none-eabi/13.3.1/../../../../arm-none-eabi/lib/thumb/v7e-m/nofp/libc_nano.a(libc_a-findfp.o) (__sread)
/home/sunbeam/stm/plugins/com.st.stm32cube.ide.mcu.externaltools.gnu-tools-for-stm32.13.3.rel1.linux64_1.0.0.202410170706/tools/bin/../lib/gcc/arm-none-eabi/13.3.1/../../../../arm-none-eabi/lib/thumb/v7e-m/nofp/libc_nano.a(libc_a-memset.o)
                              /home/sunbeam/stm/plugins/com.st.stm32cube.ide.mcu.externaltools.gnu-tools-for-stm32.13.3.rel1.linux64_1.0.0.202410170706/tools/bin/../lib/gcc/arm-none-eabi/13.3.1/../../../../arm-none-eabi/lib/thumb/v7e-m/nofp/crt0.o (memset)
/home/sunbeam/stm/plugins/com.st.stm32cube.ide.mcu.externaltools.gnu-tools-for-stm32.13.3.rel1.linux64_1.0.0.202410170706/tools/bin/../lib/gcc/arm-none-eabi/13.3.1/../../../../arm-none-eabi/lib/thumb/v7e-m/nofp/libc_nano.a(libc_a-closer.o)
                              /home/sunbeam/stm/plugins/com.st.stm32cube.ide.mcu.externaltools.gnu-tools-for-stm32.13.3.rel1.linux64_1.0.0.202410170706/tools/bin/../lib/gcc/arm-none-eabi/13.3.1/../../../../arm-none-eabi/lib/thumb/v7e-m/nofp/libc_nano.a(libc_a-stdio.o) (_close_r)
/home/sunbeam/stm/plugins/com.st.stm32cube.ide.mcu.externaltools.gnu-tools-for-stm32.13.3.rel1.linux64_1.0.0.202410170706/tools/bin/../lib/gcc/arm-none-eabi/13.3.1/../../../../arm-none-eabi/lib/thumb/v7e-m/nofp/libc_nano.a(libc_a-reent.o)
                              /home/sunbeam/stm/plugins/com.st.stm32cube.ide.mcu.externaltools.gnu-tools-for-stm32.13.3.rel1.linux64_1.0.0.202410170706/tools/bin/../lib/gcc/arm-none-eabi/13.3.1/../../../../arm-none-eabi/lib/thumb/v7e-m/nofp/libc_nano.a(libc_a-closer.o) (errno)
/home/sunbeam/stm/plugins/com.st.stm32cube.ide.mcu.externaltools.gnu-tools-for-stm32.13.3.rel1.linux64_1.0.0.202410170706/tools/bin/../lib/gcc/arm-none-eabi/13.3.1/../../../../arm-none-eabi/lib/thumb/v7e-m/nofp/libc_nano.a(libc_a-impure.o)
                              /home/sunbeam/stm/plugins/com.st.stm32cube.ide.mcu.externaltools.gnu-tools-for-stm32.13.3.rel1.linux64_1.0.0.202410170706/tools/bin/../lib/gcc/arm-none-eabi/13.3.1/../../../../arm-none-eabi/lib/thumb/v7e-m/nofp/libc_nano.a(libc_a-printf.o) (_impure_ptr)
/home/sunbeam/stm/plugins/com.st.stm32cube.ide.mcu.externaltools.gnu-tools-for-stm32.13.3.rel1.linux64_1.0.0.202410170706/tools/bin/../lib/gcc/arm-none-eabi/13.3.1/../../../../arm-none-eabi/lib/thumb/v7e-m/nofp/libc_nano.a(libc_a-lseekr.o)
                              /home/sunbeam/stm/plugins/com.st.stm32cube.ide.mcu.externaltools.gnu-tools-for-stm32.13.3.rel1.linux64_1.0.0.202410170706/tools/bin/../lib/gcc/arm-none-eabi/13.3.1/../../../../arm-none-eabi/lib/thumb/v7e-m/nofp/libc_nano.a(libc_a-stdio.o) (_lseek_r)
[...]
Memory Configuration

Name             Origin             Length             Attributes
CCMRAM           0x10000000         0x00010000         xrw
RAM              0x20000000         0x00020000         xrw
FLASH            0x08000000         0x00100000         xr
*default*        0x00000000         0xffffffff

Linker script and memory map

LOAD /home/sunbeam/stm/plugins/com.st.stm32cube.ide.mcu.externaltools.gnu-tools-for-stm32.13.3.rel1.linux64_1.0.0.202410170706/tools/bin/../lib/gcc/arm-none-eabi/13.3.1/thumb/v7e-m/nofp/crti.o
LOAD /home/sunbeam/stm/plugins/com.st.stm32cube.ide.mcu.externaltools.gnu-tools-for-stm32.13.3.rel1.linux64_1.0.0.202410170706/tools/bin/../lib/gcc/arm-none-eabi/13.3.1/thumb/v7e-m/nofp/crtbegin.o
LOAD /home/sunbeam/stm/plugins/com.st.stm32cube.ide.mcu.externaltools.gnu-tools-for-stm32.13.3.rel1.linux64_1.0.0.202410170706/tools/bin/../lib/gcc/arm-none-eabi/13.3.1/../../../../arm-none-eabi/lib/thumb/v7e-m/nofp/crt0.o
LOAD ./Src/dht11.o
LOAD ./Src/i2c.o
LOAD ./Src/itm.o
LOAD ./Src/lcd_i2c.o
LOAD ./Src/main.o
LOAD ./Src/syscalls.o
LOAD ./Src/sysmem.o
LOAD ./Src/system_stm32f4xx.o
LOAD ./Startup/startup_stm32f407vgtx.o
START GROUP
LOAD /home/sunbeam/stm/plugins/com.st.stm32cube.ide.mcu.externaltools.gnu-tools-for-stm32.13.3.rel1.linux64_1.0.0.202410170706/tools/bin/../lib/gcc/arm-none-eabi/13.3.1/../../../../arm-none-eabi/lib/thumb/v7e-m/nofp/libc_nano.a
LOAD /home/sunbeam/stm/plugins/com.st.stm32cube.ide.mcu.externaltools.gnu-tools-for-stm32.13.3.rel1.linux64_1.0.0.202410170706/tools/bin/../lib/gcc/arm-none-eabi/13.3.1/../../../../arm-none-eabi/lib/thumb/v7e-m/nofp/libm.a
END GROUP
START GROUP
LOAD /home/sunbeam/stm/plugins/com.st.stm32cube.ide.mcu.externaltools.gnu-tools-for-stm32.13.3.rel1.linux64_1.0.0.202410170706/tools/bin/../lib/gcc/arm-none-eabi/13.3.1/thumb/v7e-m/nofp/libgcc.a
LOAD /home/sunbeam/stm/plugins/com.st.stm32cube.ide.mcu.externaltools.gnu-tools-for-stm32.13.3.rel1.linux64_1.0.0.202410170706/tools/bin/../lib/gcc/arm-none-eabi/13.3.1/../../../../arm-none-eabi/lib/thumb/v7e-m/nofp/libc_nano.a
END GROUP
START GROUP
LOAD /home/sunbeam/stm/plugins/com.st.stm32cube.ide.mcu.externaltools.gnu-tools-for-stm32.13.3.rel1.linux64_1.0.0.202410170706/tools/bin/../lib/gcc/arm-none-eabi/13.3.1/thumb/v7e-m/nofp/libgcc.a
LOAD /home/sunbeam/stm/plugins/com.st.stm32cube.ide.mcu.externaltools.gnu-tools-for-stm32.13.3.rel1.linux64_1.0.0.202410170706/tools/bin/../lib/gcc/arm-none-eabi/13.3.1/../../../../arm-none-eabi/lib/thumb/v7e-m/nofp/libc_nano.a
LOAD /home/sunbeam/stm/plugins/com.st.stm32cube.ide.mcu.externaltools.gnu-tools-for-stm32.13.3.rel1.linux64_1.0.0.202410170706/tools/bin/../lib/gcc/arm-none-eabi/13.3.1/../../../../arm-none-eabi/lib/thumb/v7e-m/nofp/libnosys.a
END GROUP
START GROUP
LOAD /home/sunbeam/stm/plugins/com.st.stm32cube.ide.mcu.externaltools.gnu-tools-for-stm32.13.3.rel1.linux64_1.0.0.202410170706/tools/bin/../lib/gcc/arm-none-eabi/13.3.1/thumb/v7e-m/nofp/libgcc.a
LOAD /home/sunbeam/stm/plugins/com.st.stm32cube.ide.mcu.externaltools.gnu-tools-for-stm32.13.3.rel1.linux64_1.0.0.202410170706/tools/bin/../lib/gcc/arm-none-eabi/13.3.1/../../../../arm-none-eabi/lib/thumb/v7e-m/nofp/libc_nano.a
LOAD /home/sunbeam/stm/plugins/com.st.stm32cube.ide.mcu.externaltools.gnu-tools-for-stm32.13.3.rel1.linux64_1.0.0.202410170706/tools/bin/../lib/gcc/arm-none-eabi/13.3.1/../../../../arm-none-eabi/lib/thumb/v7e-m/nofp/libnosys.a
END GROUP
LOAD /home/sunbeam/stm/plugins/com.st.stm32cube.ide.mcu.externaltools.gnu-tools-for-stm32.13.3.rel1.linux64_1.0.0.202410170706/tools/bin/../lib/gcc/arm-none-eabi/13.3.1/thumb/v7e-m/nofp/crtend.o
LOAD /home/sunbeam/stm/plugins/com.st.stm32cube.ide.mcu.externaltools.gnu-tools-for-stm32.13.3.rel1.linux64_1.0.0.202410170706/tools/bin/../lib/gcc/arm-none-eabi/13.3.1/thumb/v7e-m/nofp/crtn.o
                0x20020000                        _estack = (ORIGIN (RAM) + LENGTH (RAM))
                0x00000200                        _Min_Heap_Size = 0x200
                0x00000400                        _Min_Stack_Size = 0x400

.isr_vector     0x08000000      0x188
                0x08000000                        . = ALIGN (0x4)
 *(.isr_vector)
 .isr_vector    0x08000000      0x188 ./Startup/startup_stm32f407vgtx.o
                0x08000000                g_pfnVectors
                0x08000188                        . = ALIGN (0x4)

.text           0x08000190     0x15ec
                0x08000190                        . = ALIGN (0x4)
 *(.text)
 .text          0x08000190       0x40 /home/sunbeam/stm/plugins/com.st.stm32cube.ide.mcu.externaltools.gnu-tools-for-stm32.13.3.rel1.linux64_1.0.0.202410170706/tools/bin/../lib/gcc/arm-none-eabi/13.3.1/thumb/v7e-m/nofp/crtbegin.o
 .text          0x080001d0       0xa0 /home/sunbeam/stm/plugins/com.st.stm32cube.ide.mcu.externaltools.gnu-tools-for-stm32.13.3.rel1.linux64_1.0.0.202410170706/tools/bin/../lib/gcc/arm-none-eabi/13.3.1/../../../../arm-none-eabi/lib/thumb/v7e-m/nofp/libc_nano.a(libc_a-memchr.o)
                0x080001d0                memchr
 *(.text*)
 .text.delay_us
                0x08000270       0x40 ./Src/dht11.o
 .text.DHT_SetPinOutput
                0x080002b0       0x1c ./Src/dht11.o
 .text.DHT_SetPinInput
                0x080002cc       0x1c ./Src/dht11.o
 .text.DHT_ReadBit
                0x080002e8       0x34 ./Src/dht11.o
 .text.DHT11_Read
                0x0800031c       0xe8 ./Src/dht11.o
                0x0800031c                DHT11_Read
 .text.DHT11_Init
                0x08000404       0x2c ./Src/dht11.o
                0x08000404                DHT11_Init
 .text.I2C1_Init
                0x08000430       0x80 ./Src/i2c.o
                0x08000430                I2C1_Init
 .text.I2C1_Write
                0x080004b0       0x88 ./Src/i2c.o
                0x080004b0                I2C1_Write
 .text.__io_putchar
                0x08000538       0x4c ./Src/itm.o
                0x08000538                __io_putchar
 .text.LCD_SendNibble
                0x08000584       0x34 ./Src/lcd_i2c.o
 .text.LCD_SendCmd
                0x080005b8       0x2c ./Src/lcd_i2c.o
                0x080005b8                LCD_SendCmd
 .text.LCD_SendData
                0x080005e4       0x2c ./Src/lcd_i2c.o
                0x080005e4                LCD_SendData
 .text.LCD_SendString
                0x08000610       0x2a ./Src/lcd_i2c.o
                0x08000610                LCD_SendString
 .text.LCD_Init
                0x0800063a       0x46 ./Src/lcd_i2c.o
                0x0800063a                LCD_Init
 .text.main     0x08000680       0x94 ./Src/main.o
                0x08000680                main
 .text._read    0x08000714       0x3a ./Src/syscalls.o
                0x08000714                _read
 .text._write   0x0800074e       0x38 ./Src/syscalls.o
                0x0800074e                _write
 .text._close   0x08000786       0x16 ./Src/syscalls.o
                0x08000786                _close
 .text._fstat   0x0800079c       0x1e ./Src/syscalls.o
                0x0800079c                _fstat
 .text._isatty  0x080007ba       0x14 ./Src/syscalls.o
                0x080007ba                _isatty
 .text._lseek   0x080007ce       0x18 ./Src/syscalls.o
                0x080007ce                _lseek
 *fill*         0x080007e6        0x2 
 .text._sbrk    0x080007e8       0x6c ./Src/sysmem.o
                0x080007e8                _sbrk
 .text.SystemInit
                0x08000854        0xc ./Src/system_stm32f4xx.o
                0x08000854                SystemInit
 .text.DWT_Init
                0x08000860       0x60 ./Src/system_stm32f4xx.o
                0x08000860                DWT_Init
 .text.Reset_Handler
                0x080008c0       0x50 ./Startup/startup_stm32f407vgtx.o
                0x080008c0                Reset_Handler
 .text.Default_Handler
                0x08000910        0x2 ./Startup/startup_stm32f407vgtx.o
                0x08000910                RTC_Alarm_IRQHandler
                0x08000910                HASH_RNG_IRQHandler
                0x08000910                EXTI2_IRQHandler
                0x08000910                TIM8_CC_IRQHandler
                0x08000910                DebugMon_Handler
                0x08000910                TIM1_CC_IRQHandler
                0x08000910                DMA2_Stream5_IRQHandler
                0x08000910                HardFault_Handler
                0x08000910                DMA1_Stream5_IRQHandler
                0x08000910                SysTick_Handler
                0x08000910                PVD_IRQHandler
                0x08000910                SDIO_IRQHandler
                0x08000910                TAMP_STAMP_IRQHandler
                0x08000910                PendSV_Handler
                0x08000910                NMI_Handler
                0x08000910                CAN2_RX1_IRQHandler
                0x08000910                EXTI3_IRQHandler
                0x08000910                TIM8_TRG_COM_TIM14_IRQHandler
                0x08000910                TIM1_UP_TIM10_IRQHandler
                0x08000910                TIM8_UP_TIM13_IRQHandler
                0x08000910                I2C3_ER_IRQHandler
                0x08000910                EXTI0_IRQHandler
                0x08000910                I2C2_EV_IRQHandler
                0x08000910                DMA1_Stream2_IRQHandler
                0x08000910                CAN1_RX0_IRQHandler
                0x08000910                FPU_IRQHandler
                0x08000910                OTG_HS_WKUP_IRQHandler
                0x08000910                UsageFault_Handler
                0x08000910                CAN2_SCE_IRQHandler
                0x08000910                DMA2_Stream2_IRQHandler
                0x08000910                SPI1_IRQHandler
                0x08000910                TIM6_DAC_IRQHandler
                0x08000910                TIM1_BRK_TIM9_IRQHandler
                0x08000910                DCMI_IRQHandler
                0x08000910                CAN2_RX0_IRQHandler
                0x08000910                DMA2_Stream3_IRQHandler
                0x08000910                USART6_IRQHandler
                0x08000910                USART3_IRQHandler
                0x08000910                CRYP_IRQHandler
                0x08000910                CAN1_RX1_IRQHandler
                0x08000910                UART5_IRQHandler
                0x08000910                DMA2_Stream0_IRQHandler
                0x08000910                TIM4_IRQHandler
                0x08000910                I2C1_EV_IRQHandler
                0x08000910                DMA1_Stream6_IRQHandler
                0x08000910                DMA1_Stream1_IRQHandler
                0x08000910                UART4_IRQHandler
                0x08000910                TIM3_IRQHandler
                0x08000910                RCC_IRQHandler
                0x08000910                TIM8_BRK_TIM12_IRQHandler
                0x08000910                Default_Handler
                0x08000910                EXTI15_10_IRQHandler
                0x08000910                ADC_IRQHandler
                0x08000910                DMA1_Stream7_IRQHandler
                0x08000910                TIM7_IRQHandler
                0x08000910                CAN2_TX_IRQHandler
                0x08000910                TIM5_IRQHandler
                0x08000910                DMA2_Stream7_IRQHandler
                0x08000910                I2C3_EV_IRQHandler
                0x08000910                EXTI9_5_IRQHandler
                0x08000910                RTC_WKUP_IRQHandler
                0x08000910                ETH_WKUP_IRQHandler
                0x08000910                SPI2_IRQHandler
                0x08000910                OTG_HS_EP1_IN_IRQHandler
                0x08000910                MemManage_Handler
                0x08000910                DMA1_Stream0_IRQHandler
                0x08000910                CAN1_TX_IRQHandler
                0x08000910                SVC_Handler
                0x08000910                EXTI4_IRQHandler
                0x08000910                FSMC_IRQHandler
                0x08000910                ETH_IRQHandler
                0x08000910                OTG_HS_EP1_OUT_IRQHandler
                0x08000910                WWDG_IRQHandler
                0x08000910                TIM2_IRQHandler
                0x08000910                OTG_FS_WKUP_IRQHandler
                0x08000910                TIM1_TRG_COM_TIM11_IRQHandler
                0x08000910                OTG_HS_IRQHandler
                0x08000910                EXTI1_IRQHandler
                0x08000910                USART2_IRQHandler
                0x08000910                I2C2_ER_IRQHandler
                0x08000910                DMA2_Stream1_IRQHandler
                0x08000910                CAN1_SCE_IRQHandler
                0x08000910                DMA2_Stream4_IRQHandler
                0x08000910                BusFault_Handler
                0x08000910                USART1_IRQHandler
                0x08000910                OTG_FS_IRQHandler
                0x08000910                SPI3_IRQHandler
                0x08000910                DMA1_Stream4_IRQHandler
                0x08000910                I2C1_ER_IRQHandler
                0x08000910                DMA2_Stream6_IRQHandler
                0x08000910                DMA1_Stream3_IRQHandler
 *fill*         0x08000912        0x2 
 .text.std      0x08000914       0x6c /home/sunbeam/stm/plugins/com.st.stm32cube.ide.mcu.externaltools.gnu-tools-for-stm32.13.3.rel1.linux64_1.0.0.202410170706/tools/bin/../lib/gcc/arm-none-eabi/13.3.1/../../../../arm-none-eabi/lib/thumb/v7e-m/nofp/libc_nano.a(libc_a-findfp.o)
 .text.stdio_exit_handler
                0x08000980       0x18 /home/sunbeam/stm/plugins/com.st.stm32cube.ide.mcu.externaltools.gnu-tools-for-stm32.13.3.rel1.linux64_1.0.0.202410170706/tools/bin/../lib/gcc/arm-none-eabi/13.3.1/../../../../arm-none-eabi/lib/thumb/v7e-m/nofp/libc_nano.a(libc_a-findfp.o)
 .text.cleanup_stdio
                0x08000998       0x40 /home/sunbeam/stm/plugins/com.st.stm32cube.ide.mcu.externaltools.gnu-tools-for-stm32.13.3.rel1.linux64_1.0.0.202410170706/tools/bin/../lib/gcc/arm-none-eabi/13.3.1/../../../../arm-none-eabi/lib/thumb/v7e-m/nofp/libc_nano.a(libc_a-findfp.o)
 .text.global_stdio_init.part.0
                0x080009d8       0x3c /home/sunbeam/stm/plugins/com.st.stm32cube.ide.mcu.externaltools.gnu-tools-for-stm32.13.3.rel1.linux64_1.0.0.202410170706/tools/bin/../lib/gcc/arm-none-eabi/13.3.1/../../../../arm-none-eabi/lib/thumb/v7e-m/nofp/libc_nano.a(libc_a-findfp.o)
 .text.__sfp_lock_acquire
                0x08000a14        0xc /home/sunbeam/stm/plugins/com.st.stm32cube.ide.mcu.externaltools.gnu-tools-for-stm32.13.3.rel1.linux64_1.0.0.202410170706/tools/bin/../lib/gcc/arm-none-eabi/13.3.1/../../../../arm-none-eabi/lib/thumb/v7e-m/nofp/libc_nano.a(libc_a-findfp.o)
                0x08000a14                __sfp_lock_acquire
 .text.__sfp_lock_release
                0x08000a20        0xc /home/sunbeam/stm/plugins/com.st.stm32cube.ide.mcu.externaltools.gnu-tools-for-stm32.13.3.rel1.linux64_1.0.0.202410170706/tools/bin/../lib/gcc/arm-none-eabi/13.3.1/../../../../arm-none-eabi/lib/thumb/v7e-m/nofp/libc_nano.a(libc_a-findfp.o)
                0x08000a20                __sfp_lock_release
 .text.__sinit  0x08000a2c       0x30 /home/sunbeam/stm/plugins/com.st.stm32cube.ide.mcu.externaltools.gnu-tools-for-stm32.13.3.rel1.linux64_1.0.0.202410170706/tools/bin/../lib/gcc/arm-none-eabi/13.3.1/../../../../arm-none-eabi/lib/thumb/v7e-m/nofp/libc_nano.a(libc_a-findfp.o)
                0x08000a2c                __sinit
 .text._fwalk_sglue
                0x08000a5c       0x3c /home/sunbeam/stm/plugins/com.st.stm32cube.ide.mcu.externaltools.gnu-tools-for-stm32.13.3.rel1.linux64_1.0.0.202410170706/tools/bin/../lib/gcc/arm-none-eabi/13.3.1/../../../../arm-none-eabi/lib/thumb/v7e-m/nofp/libc_nano.a(libc_a-fwalk.o)
                0x08000a5c                _fwalk_sglue
 .text.printf   0x08000a98       0x24 /home/sunbeam/stm/plugins/com.st.stm32cube.ide.mcu.externaltools.gnu-tools-for-stm32.13.3.rel1.linux64_1.0.0.202410170706/tools/bin/../lib/gcc/arm-none-eabi/13.3.1/../../../../arm-none-eabi/lib/thumb/v7e-m/nofp/libc_nano.a(libc_a-printf.o)
                0x08000a98                printf
                0x08000a98                iprintf
 .text.__sread  0x08000abc       0x22 /home/sunbeam/stm/plugins/com.st.stm32cube.ide.mcu.externaltools.gnu-tools-for-stm32.13.3.rel1.linux64_1.0.0.202410170706/tools/bin/../lib/gcc/arm-none-eabi/13.3.1/../../../../arm-none-eabi/lib/thumb/v7e-m/nofp/libc_nano.a(libc_a-stdio.o)
                0x08000abc                __sread
 .text.__swrite
                0x08000ade       0x38 /home/sunbeam/stm/plugins/com.st.stm32cube.ide.mcu.externaltools.gnu-tools-for-stm32.13.3.rel1.linux64_1.0.0.202410170706/tools/bin/../lib/gcc/arm-none-eabi/13.3.1/../../../../arm-none-eabi/lib/thumb/v7e-m/nofp/libc_nano.a(libc_a-stdio.o)
                0x08000ade                __swrite
 .text.__sseek  0x08000b16       0x24 /home/sunbeam/stm/plugins/com.st.stm32cube.ide.mcu.externaltools.gnu-tools-for-stm32.13.3.rel1.linux64_1.0.0.202410170706/tools/bin/../lib/gcc/arm-none-eabi/13.3.1/../../../../arm-none-eabi/lib/thumb/v7e-m/nofp/libc_nano.a(libc_a-stdio.o)
                0x08000b16                __sseek
 .text.__sclose
                0x08000b3a        0x8 /home/sunbeam/stm/plugins/com.st.stm32cube.ide.mcu.externaltools.gnu-tools-for-stm32.13.3.rel1.linux64_1.0.0.202410170706/tools/bin/../lib/gcc/arm-none-eabi/13.3.1/../../../../arm-none-eabi/lib/thumb/v7e-m/nofp/libc_nano.a(libc_a-stdio.o)
                0x08000b3a                __sclose
 .text.memset   0x08000b42       0x10 /home/sunbeam/stm/plugins/com.st.stm32cube.ide.mcu.externaltools.gnu-tools-for-stm32.13.3.rel1.linux64_1.0.0.202410170706/tools/bin/../lib/gcc/arm-none-eabi/13.3.1/../../../../arm-none-eabi/lib/thumb/v7e-m/nofp/libc_nano.a(libc_a-memset.o)
                0x08000b42                memset
 *fill*         0x08000b52        0x2 
 .text._close_r
                0x08000b54       0x20 /home/sunbeam/stm/plugins/com.st.stm32cube.ide.mcu.externaltools.gnu-tools-for-stm32.13.3.rel1.linux64_1.0.0.202410170706/tools/bin/../lib/gcc/arm-none-eabi/13.3.1/../../../../arm-none-eabi/lib/thumb/v7e-m/nofp/libc_nano.a(libc_a-closer.o)
                0x08000b54                _close_r
 .text._lseek_r
                0x08000b74       0x24 /home/sunbeam/stm/plugins/com.st.stm32cube.ide.mcu.externaltools.gnu-tools-for-stm32.13.3.rel1.linux64_1.0.0.202410170706/tools/bin/../lib/gcc/arm-none-eabi/13.3.1/../../../../arm-none-eabi/lib/thumb/v7e-m/nofp/libc_nano.a(libc_a-lseekr.o)
                0x08000b74                _lseek_r
 .text._read_r  0x08000b98       0x24 /home/sunbeam/stm/plugins/com.st.stm32cube.ide.mcu.externaltools.gnu-tools-for-stm32.13.3.rel1.linux64_1.0.0.202410170706/tools/bin/../lib/gcc/arm-none-eabi/13.3.1/../../../../arm-none-eabi/lib/thumb/v7e-m/nofp/libc_nano.a(libc_a-readr.o)
                0x08000b98                _read_r
 .text._write_r
                0x08000bbc       0x24 /home/sunbeam/stm/plugins/com.st.stm32cube.ide.mcu.externaltools.gnu-tools-for-stm32.13.3.rel1.linux64_1.0.0.202410170706/tools/bin/../lib/gcc/arm-none-eabi/13.3.1/../../../../arm-none-eabi/lib/thumb/v7e-m/nofp/libc_nano.a(libc_a-writer.o)
                0x08000bbc                _write_r
 .text.__errno  0x08000be0        0xc /home/sunbeam/stm/plugins/com.st.stm32cube.ide.mcu.externaltools.gnu-tools-for-stm32.13.3.rel1.linux64_1.0.0.202410170706/tools/bin/../lib/gcc/arm-none-eabi/13.3.1/../../../../arm-none-eabi/lib/thumb/v7e-m/nofp/libc_nano.a(libc_a-errno.o)
                0x08000be0                __errno
 .text.__libc_init_array
                0x08000bec       0x48 /home/sunbeam/stm/plugins/com.st.stm32cube.ide.mcu.externaltools.gnu-tools-for-stm32.13.3.rel1.linux64_1.0.0.202410170706/tools/bin/../lib/gcc/arm-none-eabi/13.3.1/../../../../arm-none-eabi/lib/thumb/v7e-m/nofp/libc_nano.a(libc_a-init.o)
                0x08000bec                __libc_init_array
 .text.__retarget_lock_init_recursive
                0x08000c34        0x2 /home/sunbeam/stm/plugins/com.st.stm32cube.ide.mcu.externaltools.gnu-tools-for-stm32.13.3.rel1.linux64_1.0.0.202410170706/tools/bin/../lib/gcc/arm-none-eabi/13.3.1/../../../../arm-none-eabi/lib/thumb/v7e-m/nofp/libc_nano.a(libc_a-lock.o)
                0x08000c34                __retarget_lock_init_recursive
 .text.__retarget_lock_acquire_recursive
                0x08000c36        0x2 /home/sunbeam/stm/plugins/com.st.stm32cube.ide.mcu.externaltools.gnu-tools-for-stm32.13.3.rel1.linux64_1.0.0.202410170706/tools/bin/../lib/gcc/arm-none-eabi/13.3.1/../../../../arm-none-eabi/lib/thumb/v7e-m/nofp/libc_nano.a(libc_a-lock.o)
                0x08000c36                __retarget_lock_acquire_recursive
 .text.__retarget_lock_release_recursive
                0x08000c38        0x2 /home/sunbeam/stm/plugins/com.st.stm32cube.ide.mcu.externaltools.gnu-tools-for-stm32.13.3.rel1.linux64_1.0.0.202410170706/tools/bin/../lib/gcc/arm-none-eabi/13.3.1/../../../../arm-none-eabi/lib/thumb/v7e-m/nofp/libc_nano.a(libc_a-lock.o)
                0x08000c38                __retarget_lock_release_recursive
 *fill*         0x08000c3a        0x2 
 .text._free_r  0x08000c3c       0x94 /home/sunbeam/stm/plugins/com.st.stm32cube.ide.mcu.externaltools.gnu-tools-for-stm32.13.3.rel1.linux64_1.0.0.202410170706/tools/bin/../lib/gcc/arm-none-eabi/13.3.1/../../../../arm-none-eabi/lib/thumb/v7e-m/nofp/libc_nano.a(libc_a-freer.o)
                0x08000c3c                _free_r
 .text.sbrk_aligned
                0x08000cd0       0x44 /home/sunbeam/stm/plugins/com.st.stm32cube.ide.mcu.externaltools.gnu-tools-for-stm32.13.3.rel1.linux64_1.0.0.202410170706/tools/bin/../lib/gcc/arm-none-eabi/13.3.1/../../../../arm-none-eabi/lib/thumb/v7e-m/nofp/libc_nano.a(libc_a-mallocr.o)
 .text._malloc_r
                0x08000d14      0x100 /home/sunbeam/stm/plugins/com.st.stm32cube.ide.mcu.externaltools.gnu-tools-for-stm32.13.3.rel1.linux64_1.0.0.202410170706/tools/bin/../lib/gcc/arm-none-eabi/13.3.1/../../../../arm-none-eabi/lib/thumb/v7e-m/nofp/libc_nano.a(libc_a-mallocr.o)
                0x08000d14                _malloc_r
 .text.__malloc_lock
                0x08000e14        0xc /home/sunbeam/stm/plugins/com.st.stm32cube.ide.mcu.externaltools.gnu-tools-for-stm32.13.3.rel1.linux64_1.0.0.202410170706/tools/bin/../lib/gcc/arm-none-eabi/13.3.1/../../../../arm-none-eabi/lib/thumb/v7e-m/nofp/libc_nano.a(libc_a-mlock.o)
                0x08000e14                __malloc_lock
 .text.__malloc_unlock
                0x08000e20        0xc /home/sunbeam/stm/plugins/com.st.stm32cube.ide.mcu.externaltools.gnu-tools-for-stm32.13.3.rel1.linux64_1.0.0.202410170706/tools/bin/../lib/gcc/arm-none-eabi/13.3.1/../../../../arm-none-eabi/lib/thumb/v7e-m/nofp/libc_nano.a(libc_a-mlock.o)
                0x08000e20                __malloc_unlock
 .text.__sfputc_r
                0x08000e2c       0x2a /home/sunbeam/stm/plugins/com.st.stm32cube.ide.mcu.externaltools.gnu-tools-for-stm32.13.3.rel1.linux64_1.0.0.202410170706/tools/bin/../lib/gcc/arm-none-eabi/13.3.1/../../../../arm-none-eabi/lib/thumb/v7e-m/nofp/libc_nano.a(libc_a-nano-vfprintf.o)
 .text.__sfputs_r
                0x08000e56       0x24 /home/sunbeam/stm/plugins/com.st.stm32cube.ide.mcu.externaltools.gnu-tools-for-stm32.13.3.rel1.linux64_1.0.0.202410170706/tools/bin/../lib/gcc/arm-none-eabi/13.3.1/../../../../arm-none-eabi/lib/thumb/v7e-m/nofp/libc_nano.a(libc_a-nano-vfprintf.o)
                0x08000e56                __sfputs_r
 *fill*         0x08000e7a        0x2 
 .text._vfprintf_r
                0x08000e7c      0x230 /home/sunbeam/stm/plugins/com.st.stm32cube.ide.mcu.externaltools.gnu-tools-for-stm32.13.3.rel1.linux64_1.0.0.202410170706/tools/bin/../lib/gcc/arm-none-eabi/13.3.1/../../../../arm-none-eabi/lib/thumb/v7e-m/nofp/libc_nano.a(libc_a-nano-vfprintf.o)
                0x08000e7c                _vfiprintf_r
                0x08000e7c                _vfprintf_r
 .text._printf_common
                0x080010ac       0xda /home/sunbeam/stm/plugins/com.st.stm32cube.ide.mcu.externaltools.gnu-tools-for-stm32.13.3.rel1.linux64_1.0.0.202410170706/tools/bin/../lib/gcc/arm-none-eabi/13.3.1/../../../../arm-none-eabi/lib/thumb/v7e-m/nofp/libc_nano.a(libc_a-nano-vfprintf_i.o)
                0x080010ac                _printf_common
 *fill*         0x08001186        0x2 
 .text._printf_i
                0x08001188      0x23c /home/sunbeam/stm/plugins/com.st.stm32cube.ide.mcu.externaltools.gnu-tools-for-stm32.13.3.rel1.linux64_1.0.0.202410170706/tools/bin/../lib/gcc/arm-none-eabi/13.3.1/../../../../arm-none-eabi/lib/thumb/v7e-m/nofp/libc_nano.a(libc_a-nano-vfprintf_i.o)
                0x08001188                _printf_i
 .text.__sflush_r
                0x080013c4      0x100 /home/sunbeam/stm/plugins/com.st.stm32cube.ide.mcu.externaltools.gnu-tools-for-stm32.13.3.rel1.linux64_1.0.0.202410170706/tools/bin/../lib/gcc/arm-none-eabi/13.3.1/../../../../arm-none-eabi/lib/thumb/v7e-m/nofp/libc_nano.a(libc_a-fflush.o)
                0x080013c4                __sflush_r
 .text._fflush_r
                0x080014c4       0x50 /home/sunbeam/stm/plugins/com.st.stm32cube.ide.mcu.externaltools.gnu-tools-for-stm32.13.3.rel1.linux64_1.0.0.202410170706/tools/bin/../lib/gcc/arm-none-eabi/13.3.1/../../../../arm-none-eabi/lib/thumb/v7e-m/nofp/libc_nano.a(libc_a-fflush.o)
                0x080014c4                _fflush_r
 .text.__swbuf_r
                0x08001514       0x7c /home/sunbeam/stm/plugins/com.st.stm32cube.ide.mcu.externaltools.gnu-tools-for-stm32.13.3.rel1.linux64_1.0.0.202410170706/tools/bin/../lib/gcc/arm-none-eabi/13.3.1/../../../../arm-none-eabi/lib/thumb/v7e-m/nofp/libc_nano.a(libc_a-wbuf.o)
                0x08001514                __swbuf_r
 .text.__swsetup_r
                0x08001590       0xac /home/sunbeam/stm/plugins/com.st.stm32cube.ide.mcu.externaltools.gnu-tools-for-stm32.13.3.rel1.linux64_1.0.0.202410170706/tools/bin/../lib/gcc/arm-none-eabi/13.3.1/../../../../arm-none-eabi/lib/thumb/v7e-m/nofp/libc_nano.a(libc_a-wsetup.o)
                0x08001590                __swsetup_r
 .text._sbrk_r  0x0800163c       0x20 /home/sunbeam/stm/plugins/com.st.stm32cube.ide.mcu.externaltools.gnu-tools-for-stm32.13.3.rel1.linux64_1.0.0.202410170706/tools/bin/../lib/gcc/arm-none-eabi/13.3.1/../../../../arm-none-eabi/lib/thumb/v7e-m/nofp/libc_nano.a(libc_a-sbrkr.o)
                0x0800163c                _sbrk_r
 .text.__swhatbuf_r
                0x0800165c       0x4c /home/sunbeam/stm/plugins/com.st.stm32cube.ide.mcu.externaltools.gnu-tools-for-stm32.13.3.rel1.linux64_1.0.0.202410170706/tools/bin/../lib/gcc/arm-none-eabi/13.3.1/../../../../arm-none-eabi/lib/thumb/v7e-m/nofp/libc_nano.a(libc_a-makebuf.o)
                0x0800165c                __swhatbuf_r
 .text.__smakebuf_r
                0x080016a8       0x78 /home/sunbeam/stm/plugins/com.st.stm32cube.ide.mcu.externaltools.gnu-tools-for-stm32.13.3.rel1.linux64_1.0.0.202410170706/tools/bin/../lib/gcc/arm-none-eabi/13.3.1/../../../../arm-none-eabi/lib/thumb/v7e-m/nofp/libc_nano.a(libc_a-makebuf.o)
                0x080016a8                __smakebuf_r
 .text._fstat_r
                0x08001720       0x24 /home/sunbeam/stm/plugins/com.st.stm32cube.ide.mcu.externaltools.gnu-tools-for-stm32.13.3.rel1.linux64_1.0.0.202410170706/tools/bin/../lib/gcc/arm-none-eabi/13.3.1/../../../../arm-none-eabi/lib/thumb/v7e-m/nofp/libc_nano.a(libc_a-fstatr.o)
                0x08001720                _fstat_r
 .text._isatty_r
                0x08001744       0x20 /home/sunbeam/stm/plugins/com.st.stm32cube.ide.mcu.externaltools.gnu-tools-for-stm32.13.3.rel1.linux64_1.0.0.202410170706/tools/bin/../lib/gcc/arm-none-eabi/13.3.1/../../../../arm-none-eabi/lib/thumb/v7e-m/nofp/libc_nano.a(libc_a-isattyr.o)
                0x08001744                _isatty_r
 *(.glue_7)
 .glue_7        0x08001764        0x0 linker stubs
 *(.glue_7t)
 .glue_7t       0x08001764        0x0 linker stubs
 *(.eh_frame)
 .eh_frame      0x08001764        0x0 /home/sunbeam/stm/plugins/com.st.stm32cube.ide.mcu.externaltools.gnu-tools-for-stm32.13.3.rel1.linux64_1.0.0.202410170706/tools/bin/../lib/gcc/arm-none-eabi/13.3.1/thumb/v7e-m/nofp/crtbegin.o
 *(.init)
 .init          0x08001764        0x4 /home/sunbeam/stm/plugins/com.st.stm32cube.ide.mcu.externaltools.gnu-tools-for-stm32.13.3.rel1.linux64_1.0.0.202410170706/tools/bin/../lib/gcc/arm-none-eabi/13.3.1/thumb/v7e-m/nofp/crti.o
                0x08001764                _init
 .init          0x08001768        0x8 /home/sunbeam/stm/plugins/com.st.stm32cube.ide.mcu.externaltools.gnu-tools-for-stm32.13.3.rel1.linux64_1.0.0.202410170706/tools/bin/../lib/gcc/arm-none-eabi/13.3.1/thumb/v7e-m/nofp/crtn.o
 *(.fini)
 .fini          0x08001770        0x4 /home/sunbeam/stm/plugins/com.st.stm32cube.ide.mcu.externaltools.gnu-tools-for-stm32.13.3.rel1.linux64_1.0.0.202410170706/tools/bin/../lib/gcc/arm-none-eabi/13.3.1/thumb/v7e-m/nofp/crti.o
                0x08001770                _fini
 .fini          0x08001774        0x8 /home/sunbeam/stm/plugins/com.st.stm32cube.ide.mcu.externaltools.gnu-tools-for-stm32.13.3.rel1.linux64_1.0.0.202410170706/tools/bin/../lib/gcc/arm-none-eabi/13.3.1/thumb/v7e-m/nofp/crtn.o
                0x0800177c                        . = ALIGN (0x4)
                0x0800177c                        _etext = .

.vfp11_veneer   0x0800177c        0x0
 .vfp11_veneer  0x0800177c        0x0 linker stubs

.v4_bx          0x0800177c        0x0
 .v4_bx         0x0800177c        0x0 linker stubs

.iplt           0x0800177c        0x0
 .iplt          0x0800177c        0x0 /home/sunbeam/stm/plugins/com.st.stm32cube.ide.mcu.externaltools.gnu-tools-for-stm32.13.3.rel1.linux64_1.0.0.202410170706/tools/bin/../lib/gcc/arm-none-eabi/13.3.1/thumb/v7e-m/nofp/crtbegin.o

.rodata         0x0800177c       0x58
                0x0800177c                        . = ALIGN (0x4)
 *(.rodata)
 .rodata        0x0800177c       0x23 ./Src/main.o
 *(.rodata*)
 .rodata._vfprintf_r.str1.1
                0x0800179f       0x33 /home/sunbeam/stm/plugins/com.st.stm32cube.ide.mcu.externaltools.gnu-tools-for-stm32.13.3.rel1.linux64_1.0.0.202410170706/tools/bin/../lib/gcc/arm-none-eabi/13.3.1/../../../../arm-none-eabi/lib/thumb/v7e-m/nofp/libc_nano.a(libc_a-nano-vfprintf.o)
                                 0x11 (size before relaxing)
 .rodata._printf_i.str1.1
                0x080017d2       0x22 /home/sunbeam/stm/plugins/com.st.stm32cube.ide.mcu.externaltools.gnu-tools-for-stm32.13.3.rel1.linux64_1.0.0.202410170706/tools/bin/../lib/gcc/arm-none-eabi/13.3.1/../../../../arm-none-eabi/lib/thumb/v7e-m/nofp/libc_nano.a(libc_a-nano-vfprintf_i.o)
                0x080017f4                        . = ALIGN (0x4)
 *fill*         0x080017d2        0x2 

.ARM.extab      0x080017d4        0x0
                0x080017d4                        . = ALIGN (0x4)
 *(.ARM.extab* .gnu.linkonce.armextab.*)
                0x080017d4                        . = ALIGN (0x4)

.ARM            0x080017d4        0x8
                0x080017d4                        . = ALIGN (0x4)
                0x080017d4                        __exidx_start = .
 *(.ARM.exidx*)
 .ARM.exidx     0x080017d4        0x8 /home/sunbeam/stm/plugins/com.st.stm32cube.ide.mcu.externaltools.gnu-tools-for-stm32.13.3.rel1.linux64_1.0.0.202410170706/tools/bin/../lib/gcc/arm-none-eabi/13.3.1/../../../../arm-none-eabi/lib/thumb/v7e-m/nofp/libc_nano.a(libc_a-memchr.o)
                0x080017dc                        __exidx_end = .
                0x080017dc                        . = ALIGN (0x4)

.preinit_array  0x080017dc        0x0
                0x080017dc                        . = ALIGN (0x4)
                0x080017dc                        PROVIDE (__preinit_array_start = .)
 *(.preinit_array*)
                0x080017dc                        PROVIDE (__preinit_array_end = .)
                0x080017dc                        . = ALIGN (0x4)

.init_array     0x080017dc        0x4
                0x080017dc                        . = ALIGN (0x4)
                0x080017dc                        PROVIDE (__init_array_start = .)
 *(SORT_BY_NAME(.init_array.*))
 *(.init_array*)
 .init_array    0x080017dc        0x4 /home/sunbeam/stm/plugins/com.st.stm32cube.ide.mcu.externaltools.gnu-tools-for-stm32.13.3.rel1.linux64_1.0.0.202410170706/tools/bin/../lib/gcc/arm-none-eabi/13.3.1/thumb/v7e-m/nofp/crtbegin.o
                0x080017e0                        PROVIDE (__init_array_end = .)
                0x080017e0                        . = ALIGN (0x4)

.fini_array     0x080017e0        0x4
                0x080017e0                        . = ALIGN (0x4)
                [!provide]                        PROVIDE (__fini_array_start = .)
 *(SORT_BY_NAME(.fini_array.*))
 *(.fini_array*)
 .fini_array    0x080017e0        0x4 /home/sunbeam/stm/plugins/com.st.stm32cube.ide.mcu.externaltools.gnu-tools-for-stm32.13.3.rel1.linux64_1.0.0.202410170706/tools/bin/../lib/gcc/arm-none-eabi/13.3.1/thumb/v7e-m/nofp/crtbegin.o
                [!provide]                        PROVIDE (__fini_array_end = .)
                0x080017e4                        . = ALIGN (0x4)
                0x080017e4                        _sidata = LOADADDR (.data)

.rel.dyn        0x080017e4        0x0
 .rel.iplt      0x080017e4        0x0 /home/sunbeam/stm/plugins/com.st.stm32cube.ide.mcu.externaltools.gnu-tools-for-stm32.13.3.rel1.linux64_1.0.0.202410170706/tools/bin/../lib/gcc/arm-none-eabi/13.3.1/thumb/v7e-m/nofp/crtbegin.o

.data           0x20000000       0x5c load address 0x080017e4
                0x20000000                        . = ALIGN (0x4)
                0x20000000                        _sdata = .
 *(.data)
 *(.data*)
 .data.__sglue  0x20000000        0xc /home/sunbeam/stm/plugins/com.st.stm32cube.ide.mcu.externaltools.gnu-tools-for-stm32.13.3.rel1.linux64_1.0.0.202410170706/tools/bin/../lib/gcc/arm-none-eabi/13.3.1/../../../../arm-none-eabi/lib/thumb/v7e-m/nofp/libc_nano.a(libc_a-findfp.o)
                0x20000000                __sglue
 .data._impure_ptr
                0x2000000c        0x4 /home/sunbeam/stm/plugins/com.st.stm32cube.ide.mcu.externaltools.gnu-tools-for-stm32.13.3.rel1.linux64_1.0.0.202410170706/tools/bin/../lib/gcc/arm-none-eabi/13.3.1/../../../../arm-none-eabi/lib/thumb/v7e-m/nofp/libc_nano.a(libc_a-impure.o)
                0x2000000c                _impure_ptr
 .data._impure_data
                0x20000010       0x4c /home/sunbeam/stm/plugins/com.st.stm32cube.ide.mcu.externaltools.gnu-tools-for-stm32.13.3.rel1.linux64_1.0.0.202410170706/tools/bin/../lib/gcc/arm-none-eabi/13.3.1/../../../../arm-none-eabi/lib/thumb/v7e-m/nofp/libc_nano.a(libc_a-impure.o)
                0x20000010                _impure_data
 *(.RamFunc)
 *(.RamFunc*)
                0x2000005c                        . = ALIGN (0x4)
                0x2000005c                        _edata = .
                0x08001840                        _siccmram = LOADADDR (.ccmram)

.igot.plt       0x2000005c        0x0 load address 0x08001840
 .igot.plt      0x2000005c        0x0 /home/sunbeam/stm/plugins/com.st.stm32cube.ide.mcu.externaltools.gnu-tools-for-stm32.13.3.rel1.linux64_1.0.0.202410170706/tools/bin/../lib/gcc/arm-none-eabi/13.3.1/thumb/v7e-m/nofp/crtbegin.o

.ccmram         0x10000000        0x0 load address 0x08001840
                0x10000000                        . = ALIGN (0x4)
                0x10000000                        _sccmram = .
 *(.ccmram)
 *(.ccmram*)
                0x10000000                        . = ALIGN (0x4)
                0x10000000                        _eccmram = .
                0x10000000                        . = ALIGN (0x4)

.bss            0x2000005c      0x16c
                0x2000005c                        _sbss = .
                0x2000005c                        __bss_start__ = _sbss
 *(.bss)
 .bss           0x2000005c       0x1c /home/sunbeam/stm/plugins/com.st.stm32cube.ide.mcu.externaltools.gnu-tools-for-stm32.13.3.rel1.linux64_1.0.0.202410170706/tools/bin/../lib/gcc/arm-none-eabi/13.3.1/thumb/v7e-m/nofp/crtbegin.o
 *(.bss*)
 .bss.__sbrk_heap_end
                0x20000078        0x4 ./Src/sysmem.o
 .bss.__sf      0x2000007c      0x138 /home/sunbeam/stm/plugins/com.st.stm32cube.ide.mcu.externaltools.gnu-tools-for-stm32.13.3.rel1.linux64_1.0.0.202410170706/tools/bin/../lib/gcc/arm-none-eabi/13.3.1/../../../../arm-none-eabi/lib/thumb/v7e-m/nofp/libc_nano.a(libc_a-findfp.o)
                0x2000007c                __sf
 .bss.__stdio_exit_handler
                0x200001b4        0x4 /home/sunbeam/stm/plugins/com.st.stm32cube.ide.mcu.externaltools.gnu-tools-for-stm32.13.3.rel1.linux64_1.0.0.202410170706/tools/bin/../lib/gcc/arm-none-eabi/13.3.1/../../../../arm-none-eabi/lib/thumb/v7e-m/nofp/libc_nano.a(libc_a-findfp.o)
                0x200001b4                __stdio_exit_handler
 .bss.errno     0x200001b8        0x4 /home/sunbeam/stm/plugins/com.st.stm32cube.ide.mcu.externaltools.gnu-tools-for-stm32.13.3.rel1.linux64_1.0.0.202410170706/tools/bin/../lib/gcc/arm-none-eabi/13.3.1/../../../../arm-none-eabi/lib/thumb/v7e-m/nofp/libc_nano.a(libc_a-reent.o)
                0x200001b8                errno
 .bss.__lock___malloc_recursive_mutex
                0x200001bc        0x1 /home/sunbeam/stm/plugins/com.st.stm32cube.ide.mcu.externaltools.gnu-tools-for-stm32.13.3.rel1.linux64_1.0.0.202410170706/tools/bin/../lib/gcc/arm-none-eabi/13.3.1/../../../../arm-none-eabi/lib/thumb/v7e-m/nofp/libc_nano.a(libc_a-lock.o)
                0x200001bc                __lock___malloc_recursive_mutex
 .bss.__lock___sfp_recursive_mutex
                0x200001bd        0x1 /home/sunbeam/stm/plugins/com.st.stm32cube.ide.mcu.externaltools.gnu-tools-for-stm32.13.3.rel1.linux64_1.0.0.202410170706/tools/bin/../lib/gcc/arm-none-eabi/13.3.1/../../../../arm-none-eabi/lib/thumb/v7e-m/nofp/libc_nano.a(libc_a-lock.o)
                0x200001bd                __lock___sfp_recursive_mutex
 *fill*         0x200001be        0x2 
 .bss.__malloc_sbrk_start
                0x200001c0        0x4 /home/sunbeam/stm/plugins/com.st.stm32cube.ide.mcu.externaltools.gnu-tools-for-stm32.13.3.rel1.linux64_1.0.0.202410170706/tools/bin/../lib/gcc/arm-none-eabi/13.3.1/../../../../arm-none-eabi/lib/thumb/v7e-m/nofp/libc_nano.a(libc_a-mallocr.o)
                0x200001c0                __malloc_sbrk_start
 .bss.__malloc_free_list
                0x200001c4        0x4 /home/sunbeam/stm/plugins/com.st.stm32cube.ide.mcu.externaltools.gnu-tools-for-stm32.13.3.rel1.linux64_1.0.0.202410170706/tools/bin/../lib/gcc/arm-none-eabi/13.3.1/../../../../arm-none-eabi/lib/thumb/v7e-m/nofp/libc_nano.a(libc_a-mallocr.o)
                0x200001c4                __malloc_free_list
 *(COMMON)
                0x200001c8                        . = ALIGN (0x4)
                0x200001c8                        _ebss = .
                0x200001c8                        __bss_end__ = _ebss

._user_heap_stack
                0x200001c8      0x600
                0x200001c8                        . = ALIGN (0x8)
                [!provide]                        PROVIDE (end = .)
                0x200001c8                        PROVIDE (_end = .)
                0x200003c8                        . = (. + _Min_Heap_Size)
 *fill*         0x200001c8      0x200 
                0x200007c8                        . = (. + _Min_Stack_Size)
 *fill*         0x200003c8      0x400 
                0x200007c8                        . = ALIGN (0x8)

/DISCARD/
 libc.a(*)
 libm.a(*)
 libgcc.a(*)

.ARM.attributes
                0x00000000       0x2a
 *(.ARM.attributes)
 .ARM.attributes
                0x00000000       0x1e /home/sunbeam/stm/plugins/com.st.stm32cube.ide.mcu.externaltools.gnu-tools-for-stm32.13.3.rel1.linux64_1.0.0.202410170706/tools/bin/../lib/gcc/arm-none-eabi/13.3.1/thumb/v7e-m/nofp/crti.o
 .ARM.attributes
                0x0000001e       0x2e /home/sunbeam/stm/plugins/com.st.stm32cube.ide.mcu.externaltools.gnu-tools-for-stm32.13.3.rel1.linux64_1.0.0.202410170706/tools/bin/../lib/gcc/arm-none-eabi/13.3.1/thumb/v7e-m/nofp/crtbegin.o
 .ARM.attributes
                0x0000004c       0x2e ./Src/dht11.o
 .ARM.attributes
                0x0000007a       0x2e ./Src/i2c.o
 .ARM.attributes
                0x000000a8       0x2e ./Src/itm.o
 .ARM.attributes
                0x000000d6       0x2e ./Src/lcd_i2c.o
 .ARM.attributes
                0x00000104       0x2e ./Src/main.o
 .ARM.attributes
                0x00000132       0x2e ./Src/syscalls.o
 .ARM.attributes
                0x00000160       0x2e ./Src/sysmem.o
 .ARM.attributes
                0x0000018e       0x2e ./Src/system_stm32f4xx.o
 .ARM.attributes
                0x000001bc       0x21 ./Startup/startup_stm32f407vgtx.o
 .ARM.attributes
                0x000001dd       0x2e /home/sunbeam/stm/plugins/com.st.stm32cube.ide.mcu.externaltools.gnu-tools-for-stm32.13.3.rel1.linux64_1.0.0.202410170706/tools/bin/../lib/gcc/arm-none-eabi/13.3.1/../../../../arm-none-eabi/lib/thumb/v7e-m/nofp/libc_nano.a(libc_a-findfp.o)
 .ARM.attributes
                0x0000020b       0x2e /home/sunbeam/stm/plugins/com.st.stm32cube.ide.mcu.externaltools.gnu-tools-for-stm32.13.3.rel1.linux64_1.0.0.202410170706/tools/bin/../lib/gcc/arm-none-eabi/13.3.1/../../../../arm-none-eabi/lib/thumb/v7e-m/nofp/libc_nano.a(libc_a-fwalk.o)
 .ARM.attributes
                0x00000239       0x2e /home/sunbeam/stm/plugins/com.st.stm32cube.ide.mcu.externaltools.gnu-tools-for-stm32.13.3.rel1.linux64_1.0.0.202410170706/tools/bin/../lib/gcc/arm-none-eabi/13.3.1/../../../../arm-none-eabi/lib/thumb/v7e-m/nofp/libc_nano.a(libc_a-printf.o)
 .ARM.attributes
                0x00000267       0x2e /home/sunbeam/stm/plugins/com.st.stm32cube.ide.mcu.externaltools.gnu-tools-for-stm32.13.3.rel1.linux64_1.0.0.202410170706/tools/bin/../lib/gcc/arm-none-eabi/13.3.1/../../../../arm-none-eabi/lib/thumb/v7e-m/nofp/libc_nano.a(libc_a-stdio.o)
 .ARM.attributes
                0x00000295       0x2e /home/sunbeam/stm/plugins/com.st.stm32cube.ide.mcu.externaltools.gnu-tools-for-stm32.13.3.rel1.linux64_1.0.0.202410170706/tools/bin/../lib/gcc/arm-none-eabi/13.3.1/../../../../arm-none-eabi/lib/thumb/v7e-m/nofp/libc_nano.a(libc_a-memset.o)
 .ARM.attributes
                0x000002c3       0x2e /home/sunbeam/stm/plugins/com.st.stm32cube.ide.mcu.externaltools.gnu-tools-for-stm32.13.3.rel1.linux64_1.0.0.202410170706/tools/bin/../lib/gcc/arm-none-eabi/13.3.1/../../../../arm-none-eabi/lib/thumb/v7e-m/nofp/libc_nano.a(libc_a-closer.o)
 .ARM.attributes
                0x000002f1       0x2e /home/sunbeam/stm/plugins/com.st.stm32cube.ide.mcu.externaltools.gnu-tools-for-stm32.13.3.rel1.linux64_1.0.0.202410170706/tools/bin/../lib/gcc/arm-none-eabi/13.3.1/../../../../arm-none-eabi/lib/thumb/v7e-m/nofp/libc_nano.a(libc_a-reent.o)
 .ARM.attributes
                0x0000031f       0x2e /home/sunbeam/stm/plugins/com.st.stm32cube.ide.mcu.externaltools.gnu-tools-for-stm32.13.3.rel1.linux64_1.0.0.202410170706/tools/bin/../lib/gcc/arm-none-eabi/13.3.1/../../../../arm-none-eabi/lib/thumb/v7e-m/nofp/libc_nano.a(libc_a-impure.o)
 .ARM.attributes
                0x0000034d       0x2e /home/sunbeam/stm/plugins/com.st.stm32cube.ide.mcu.externaltools.gnu-tools-for-stm32.13.3.rel1.linux64_1.0.0.202410170706/tools/bin/../lib/gcc/arm-none-eabi/13.3.1/../../../../arm-none-eabi/lib/thumb/v7e-m/nofp/libc_nano.a(libc_a-lseekr.o)
 .ARM.attributes
                0x0000037b       0x2e /home/sunbeam/stm/plugins/com.st.stm32cube.ide.mcu.externaltools.gnu-tools-for-stm32.13.3.rel1.linux64_1.0.0.202410170706/tools/bin/../lib/gcc/arm-none-eabi/13.3.1/../../../../arm-none-eabi/lib/thumb/v7e-m/nofp/libc_nano.a(libc_a-readr.o)
 .ARM.attributes
                0x000003a9       0x2e /home/sunbeam/stm/plugins/com.st.stm32cube.ide.mcu.externaltools.gnu-tools-for-stm32.13.3.rel1.linux64_1.0.0.202410170706/tools/bin/../lib/gcc/arm-none-eabi/13.3.1/../../../../arm-none-eabi/lib/thumb/v7e-m/nofp/libc_nano.a(libc_a-writer.o)
 .ARM.attributes
                0x000003d7       0x2e /home/sunbeam/stm/plugins/com.st.stm32cube.ide.mcu.externaltools.gnu-tools-for-stm32.13.3.rel1.linux64_1.0.0.202410170706/tools/bin/../lib/gcc/arm-none-eabi/13.3.1/../../../../arm-none-eabi/lib/thumb/v7e-m/nofp/libc_nano.a(libc_a-errno.o)
 .ARM.attributes
                0x00000405       0x2e /home/sunbeam/stm/plugins/com.st.stm32cube.ide.mcu.externaltools.gnu-tools-for-stm32.13.3.rel1.linux64_1.0.0.202410170706/tools/bin/../lib/gcc/arm-none-eabi/13.3.1/../../../../arm-none-eabi/lib/thumb/v7e-m/nofp/libc_nano.a(libc_a-init.o)
 .ARM.attributes
                0x00000433       0x2e /home/sunbeam/stm/plugins/com.st.stm32cube.ide.mcu.externaltools.gnu-tools-for-stm32.13.3.rel1.linux64_1.0.0.202410170706/tools/bin/../lib/gcc/arm-none-eabi/13.3.1/../../../../arm-none-eabi/lib/thumb/v7e-m/nofp/libc_nano.a(libc_a-lock.o)
 .ARM.attributes
                0x00000461       0x2e /home/sunbeam/stm/plugins/com.st.stm32cube.ide.mcu.externaltools.gnu-tools-for-stm32.13.3.rel1.linux64_1.0.0.202410170706/tools/bin/../lib/gcc/arm-none-eabi/13.3.1/../../../../arm-none-eabi/lib/thumb/v7e-m/nofp/libc_nano.a(libc_a-freer.o)
 .ARM.attributes
                0x0000048f       0x2e /home/sunbeam/stm/plugins/com.st.stm32cube.ide.mcu.externaltools.gnu-tools-for-stm32.13.3.rel1.linux64_1.0.0.202410170706/tools/bin/../lib/gcc/arm-none-eabi/13.3.1/../../../../arm-none-eabi/lib/thumb/v7e-m/nofp/libc_nano.a(libc_a-mallocr.o)
 .ARM.attributes
                0x000004bd       0x2e /home/sunbeam/stm/plugins/com.st.stm32cube.ide.mcu.externaltools.gnu-tools-for-stm32.13.3.rel1.linux64_1.0.0.202410170706/tools/bin/../lib/gcc/arm-none-eabi/13.3.1/../../../../arm-none-eabi/lib/thumb/v7e-m/nofp/libc_nano.a(libc_a-mlock.o)
 .ARM.attributes
                0x000004eb       0x2e /home/sunbeam/stm/plugins/com.st.stm32cube.ide.mcu.externaltools.gnu-tools-for-stm32.13.3.rel1.linux64_1.0.0.202410170706/tools/bin/../lib/gcc/arm-none-eabi/13.3.1/../../../../arm-none-eabi/lib/thumb/v7e-m/nofp/libc_nano.a(libc_a-nano-vfprintf.o)
 .ARM.attributes
                0x00000519       0x2e /home/sunbeam/stm/plugins/com.st.stm32cube.ide.mcu.externaltools.gnu-tools-for-stm32.13.3.rel1.linux64_1.0.0.202410170706/tools/bin/../lib/gcc/arm-none-eabi/13.3.1/../../../../arm-none-eabi/lib/thumb/v7e-m/nofp/libc_nano.a(libc_a-nano-vfprintf_i.o)
 .ARM.attributes
                0x00000547       0x2e /home/sunbeam/stm/plugins/com.st.stm32cube.ide.mcu.externaltools.gnu-tools-for-stm32.13.3.rel1.linux64_1.0.0.202410170706/tools/bin/../lib/gcc/arm-none-eabi/13.3.1/../../../../arm-none-eabi/lib/thumb/v7e-m/nofp/libc_nano.a(libc_a-fflush.o)
 .ARM.attributes
                0x00000575       0x2e /home/sunbeam/stm/plugins/com.st.stm32cube.ide.mcu.externaltools.gnu-tools-for-stm32.13.3.rel1.linux64_1.0.0.202410170706/tools/bin/../lib/gcc/arm-none-eabi/13.3.1/../../../../arm-none-eabi/lib/thumb/v7e-m/nofp/libc_nano.a(libc_a-wbuf.o)
 .ARM.attributes
                0x000005a3       0x2e /home/sunbeam/stm/plugins/com.st.stm32cube.ide.mcu.externaltools.gnu-tools-for-stm32.13.3.rel1.linux64_1.0.0.202410170706/tools/bin/../lib/gcc/arm-none-eabi/13.3.1/../../../../arm-none-eabi/lib/thumb/v7e-m/nofp/libc_nano.a(libc_a-wsetup.o)
 .ARM.attributes
                0x000005d1       0x2e /home/sunbeam/stm/plugins/com.st.stm32cube.ide.mcu.externaltools.gnu-tools-for-stm32.13.3.rel1.linux64_1.0.0.202410170706/tools/bin/../lib/gcc/arm-none-eabi/13.3.1/../../../../arm-none-eabi/lib/thumb/v7e-m/nofp/libc_nano.a(libc_a-sbrkr.o)
 .ARM.attributes
                0x000005ff       0x1c /home/sunbeam/stm/plugins/com.st.stm32cube.ide.mcu.externaltools.gnu-tools-for-stm32.13.3.rel1.linux64_1.0.0.202410170706/tools/bin/../lib/gcc/arm-none-eabi/13.3.1/../../../../arm-none-eabi/lib/thumb/v7e-m/nofp/libc_nano.a(libc_a-memchr.o)
 .ARM.attributes
                0x0000061b       0x2e /home/sunbeam/stm/plugins/com.st.stm32cube.ide.mcu.externaltools.gnu-tools-for-stm32.13.3.rel1.linux64_1.0.0.202410170706/tools/bin/../lib/gcc/arm-none-eabi/13.3.1/../../../../arm-none-eabi/lib/thumb/v7e-m/nofp/libc_nano.a(libc_a-makebuf.o)
 .ARM.attributes
                0x00000649       0x2e /home/sunbeam/stm/plugins/com.st.stm32cube.ide.mcu.externaltools.gnu-tools-for-stm32.13.3.rel1.linux64_1.0.0.202410170706/tools/bin/../lib/gcc/arm-none-eabi/13.3.1/../../../../arm-none-eabi/lib/thumb/v7e-m/nofp/libc_nano.a(libc_a-fstatr.o)
 .ARM.attributes
                0x00000677       0x2e /home/sunbeam/stm/plugins/com.st.stm32cube.ide.mcu.externaltools.gnu-tools-for-stm32.13.3.rel1.linux64_1.0.0.202410170706/tools/bin/../lib/gcc/arm-none-eabi/13.3.1/../../../../arm-none-eabi/lib/thumb/v7e-m/nofp/libc_nano.a(libc_a-isattyr.o)
 .ARM.attributes
                0x000006a5       0x1e /home/sunbeam/stm/plugins/com.st.stm32cube.ide.mcu.externaltools.gnu-tools-for-stm32.13.3.rel1.linux64_1.0.0.202410170706/tools/bin/../lib/gcc/arm-none-eabi/13.3.1/thumb/v7e-m/nofp/crtn.o
OUTPUT(tempeusingi2c.elf elf32-littlearm)
LOAD linker stubs
LOAD /home/sunbeam/stm/plugins/com.st.stm32cube.ide.mcu.externaltools.gnu-tools-for-stm32.13.3.rel1.linux64_1.0.0.202410170706/tools/bin/../lib/gcc/arm-none-eabi/13.3.1/../../../../arm-none-eabi/lib/thumb/v7e-m/nofp/libc.a
LOAD /home/sunbeam/stm/plugins/com.st.stm32cube.ide.mcu.externaltools.gnu-tools-for-stm32.13.3.rel1.linux64_1.0.0.202410170706/tools/bin/../lib/gcc/arm-none-eabi/13.3.1/../../../../arm-none-eabi/lib/thumb/v7e-m/nofp/libm.a
LOAD /home/sunbeam/stm/plugins/com.st.stm32cube.ide.mcu.externaltools.gnu-tools-for-stm32.13.3.rel1.linux64_1.0.0.202410170706/tools/bin/../lib/gcc/arm-none-eabi/13.3.1/thumb/v7e-m/nofp/libgcc.a

.debug_info     0x00000000     0x18ac
 .debug_info    0x00000000      0x43b ./Src/dht11.o
 .debug_info    0x0000043b      0x36e ./Src/i2c.o
 .debug_info    0x000007a9       0xae ./Src/itm.o
 .debug_info    0x00000857      0x177 ./Src/lcd_i2c.o
 .debug_info    0x000009ce      0x15d ./Src/main.o
 .debug_info    0x00000b2b      0x6a3 ./Src/syscalls.o
 .debug_info    0x000011ce      0x168 ./Src/sysmem.o
 .debug_info    0x00001336      0x546 ./Src/system_stm32f4xx.o
 .debug_info    0x0000187c       0x30 ./Startup/startup_stm32f407vgtx.o

.debug_abbrev   0x00000000      0x88c
 .debug_abbrev  0x00000000      0x174 ./Src/dht11.o
 .debug_abbrev  0x00000174       0xe4 ./Src/i2c.o
 .debug_abbrev  0x00000258       0x67 ./Src/itm.o
 .debug_abbrev  0x000002bf       0xe7 ./Src/lcd_i2c.o
 .debug_abbrev  0x000003a6       0xed ./Src/main.o
 .debug_abbrev  0x00000493      0x1b6 ./Src/syscalls.o
 .debug_abbrev  0x00000649       0xbc ./Src/sysmem.o
 .debug_abbrev  0x00000705      0x163 ./Src/system_stm32f4xx.o
 .debug_abbrev  0x00000868       0x24 ./Startup/startup_stm32f407vgtx.o

.debug_aranges  0x00000000      0x218
 .debug_aranges
                0x00000000       0x48 ./Src/dht11.o
 .debug_aranges
                0x00000048       0x28 ./Src/i2c.o
 .debug_aranges
                0x00000070       0x20 ./Src/itm.o
 .debug_aranges
                0x00000090       0x40 ./Src/lcd_i2c.o
 .debug_aranges
                0x000000d0       0x20 ./Src/main.o
 .debug_aranges
                0x000000f0       0xa8 ./Src/syscalls.o
 .debug_aranges
                0x00000198       0x20 ./Src/sysmem.o
 .debug_aranges
                0x000001b8       0x38 ./Src/system_stm32f4xx.o
 .debug_aranges
                0x000001f0       0x28 ./Startup/startup_stm32f407vgtx.o

.debug_rnglists
                0x00000000      0x16a
 .debug_rnglists
                0x00000000       0x32 ./Src/dht11.o
 .debug_rnglists
                0x00000032       0x1b ./Src/i2c.o
 .debug_rnglists
                0x0000004d       0x13 ./Src/itm.o
 .debug_rnglists
                0x00000060       0x2b ./Src/lcd_i2c.o
 .debug_rnglists
                0x0000008b       0x14 ./Src/main.o
 .debug_rnglists
                0x0000009f       0x79 ./Src/syscalls.o
 .debug_rnglists
                0x00000118       0x13 ./Src/sysmem.o
 .debug_rnglists
                0x0000012b       0x26 ./Src/system_stm32f4xx.o
 .debug_rnglists
                0x00000151       0x19 ./Startup/startup_stm32f407vgtx.o

.debug_macro    0x00000000    0x1a48e
 .debug_macro   0x00000000      0x1bb ./Src/dht11.o
 .debug_macro   0x000001bb      0xad8 ./Src/dht11.o
 .debug_macro   0x00000c93       0x22 ./Src/dht11.o
 .debug_macro   0x00000cb5       0x5b ./Src/dht11.o
 .debug_macro   0x00000d10       0x24 ./Src/dht11.o
 .debug_macro   0x00000d34       0x94 ./Src/dht11.o
 .debug_macro   0x00000dc8       0x43 ./Src/dht11.o
 .debug_macro   0x00000e0b       0x34 ./Src/dht11.o
 .debug_macro   0x00000e3f       0x16 ./Src/dht11.o
 .debug_macro   0x00000e55       0x57 ./Src/dht11.o
 .debug_macro   0x00000eac       0x9e ./Src/dht11.o
 .debug_macro   0x00000f4a      0x370 ./Src/dht11.o
 .debug_macro   0x000012ba      0x112 ./Src/dht11.o
 .debug_macro   0x000013cc       0x10 ./Src/dht11.o
 .debug_macro   0x000013dc       0x16 ./Src/dht11.o
 .debug_macro   0x000013f2       0x4a ./Src/dht11.o
 .debug_macro   0x0000143c       0x34 ./Src/dht11.o
 .debug_macro   0x00001470       0x10 ./Src/dht11.o
 .debug_macro   0x00001480       0x58 ./Src/dht11.o
 .debug_macro   0x000014d8       0x8e ./Src/dht11.o
 .debug_macro   0x00001566       0x1c ./Src/dht11.o
 .debug_macro   0x00001582      0x185 ./Src/dht11.o
 .debug_macro   0x00001707       0x16 ./Src/dht11.o
 .debug_macro   0x0000171d       0x16 ./Src/dht11.o
 .debug_macro   0x00001733      0x146 ./Src/dht11.o
 .debug_macro   0x00001879       0x2e ./Src/dht11.o
 .debug_macro   0x000018a7       0x2f ./Src/dht11.o
 .debug_macro   0x000018d6      0x103 ./Src/dht11.o
 .debug_macro   0x000019d9       0x6a ./Src/dht11.o
 .debug_macro   0x00001a43      0x1df ./Src/dht11.o
 .debug_macro   0x00001c22       0x1c ./Src/dht11.o
 .debug_macro   0x00001c3e       0x22 ./Src/dht11.o
 .debug_macro   0x00001c60       0xd9 ./Src/dht11.o
 .debug_macro   0x00001d39     0x102d ./Src/dht11.o
 .debug_macro   0x00002d66      0x11f ./Src/dht11.o
 .debug_macro   0x00002e85    0x15e3c ./Src/dht11.o
 .debug_macro   0x00018cc1       0x4a ./Src/dht11.o
 .debug_macro   0x00018d0b       0xd8 ./Src/i2c.o
 .debug_macro   0x00018de3       0x8e ./Src/i2c.o
 .debug_macro   0x00018e71       0x51 ./Src/i2c.o
 .debug_macro   0x00018ec2       0x75 ./Src/itm.o
 .debug_macro   0x00018f37      0x19c ./Src/lcd_i2c.o
 .debug_macro   0x000190d3       0x61 ./Src/lcd_i2c.o
 .debug_macro   0x00019134      0x190 ./Src/lcd_i2c.o
 .debug_macro   0x000192c4       0x10 ./Src/lcd_i2c.o
 .debug_macro   0x000192d4       0x3c ./Src/lcd_i2c.o
 .debug_macro   0x00019310       0x20 ./Src/lcd_i2c.o
 .debug_macro   0x00019330       0x16 ./Src/lcd_i2c.o
 .debug_macro   0x00019346       0x16 ./Src/lcd_i2c.o
 .debug_macro   0x0001935c       0x29 ./Src/lcd_i2c.o
 .debug_macro   0x00019385      0x1bf ./Src/main.o
 .debug_macro   0x00019544      0x274 ./Src/syscalls.o
 .debug_macro   0x000197b8       0x10 ./Src/syscalls.o
 .debug_macro   0x000197c8       0x10 ./Src/syscalls.o
 .debug_macro   0x000197d8       0x10 ./Src/syscalls.o
 .debug_macro   0x000197e8       0x10 ./Src/syscalls.o
 .debug_macro   0x000197f8       0x1c ./Src/syscalls.o
 .debug_macro   0x00019814       0x52 ./Src/syscalls.o
 .debug_macro   0x00019866       0x22 ./Src/syscalls.o
 .debug_macro   0x00019888       0x10 ./Src/syscalls.o
 .debug_macro   0x00019898       0x52 ./Src/syscalls.o
 .debug_macro   0x000198ea       0xcf ./Src/syscalls.o
 .debug_macro   0x000199b9       0x1c ./Src/syscalls.o
 .debug_macro   0x000199d5       0x3d ./Src/syscalls.o
 .debug_macro   0x00019a12       0x35 ./Src/syscalls.o
 .debug_macro   0x00019a47      0x12c ./Src/syscalls.o
 .debug_macro   0x00019b73       0x10 ./Src/syscalls.o
 .debug_macro   0x00019b83      0x242 ./Src/syscalls.o
 .debug_macro   0x00019dc5       0x1c ./Src/syscalls.o
 .debug_macro   0x00019de1       0x10 ./Src/syscalls.o
 .debug_macro   0x00019df1      0x18a ./Src/syscalls.o
 .debug_macro   0x00019f7b       0x16 ./Src/syscalls.o
 .debug_macro   0x00019f91       0xce ./Src/syscalls.o
 .debug_macro   0x0001a05f      0x112 ./Src/sysmem.o
 .debug_macro   0x0001a171      0x23c ./Src/sysmem.o
 .debug_macro   0x0001a3ad       0xe1 ./Src/system_stm32f4xx.o

.debug_line     0x00000000     0x2a37
 .debug_line    0x00000000      0x66c ./Src/dht11.o
 .debug_line    0x0000066c      0x4a0 ./Src/i2c.o
 .debug_line    0x00000b0c      0x34a ./Src/itm.o
 .debug_line    0x00000e56      0x560 ./Src/lcd_i2c.o
 .debug_line    0x000013b6      0x535 ./Src/main.o
 .debug_line    0x000018eb      0x7aa ./Src/syscalls.o
 .debug_line    0x00002095      0x486 ./Src/sysmem.o
 .debug_line    0x0000251b      0x4a1 ./Src/system_stm32f4xx.o
 .debug_line    0x000029bc       0x7b ./Startup/startup_stm32f407vgtx.o

.debug_str      0x00000000    0x8db90
 .debug_str     0x00000000    0x8db90 ./Src/dht11.o
                              0x8b869 (size before relaxing)
 .debug_str     0x0008db90    0x87cfa ./Src/i2c.o
 .debug_str     0x0008db90     0x3e22 ./Src/itm.o
 .debug_str     0x0008db90     0x7468 ./Src/lcd_i2c.o
 .debug_str     0x0008db90    0x8b6e7 ./Src/main.o
 .debug_str     0x0008db90     0x99ad ./Src/syscalls.o
 .debug_str     0x0008db90     0x774b ./Src/sysmem.o
 .debug_str     0x0008db90    0x87e2c ./Src/system_stm32f4xx.o
 .debug_str     0x0008db90       0x77 ./Startup/startup_stm32f407vgtx.o

.comment        0x00000000       0x43
 .comment       0x00000000       0x43 ./Src/dht11.o
                                 0x44 (size before relaxing)
 .comment       0x00000043       0x44 ./Src/i2c.o
 .comment       0x00000043       0x44 ./Src/itm.o
 .comment       0x00000043       0x44 ./Src/lcd_i2c.o
 .comment       0x00000043       0x44 ./Src/main.o
 .comment       0x00000043       0x44 ./Src/syscalls.o
 .comment       0x00000043       0x44 ./Src/sysmem.o
 .comment       0x00000043       0x44 ./Src/system_stm32f4xx.o

.debug_frame    0x00000000      0xd90
 .debug_frame   0x00000000       0xd4 ./Src/dht11.o
 .debug_frame   0x000000d4       0x58 ./Src/i2c.o
 .debug_frame   0x0000012c       0x38 ./Src/itm.o
 .debug_frame   0x00000164       0xc4 ./Src/lcd_i2c.o
 .debug_frame   0x00000228       0x30 ./Src/main.o
 .debug_frame   0x00000258      0x2ac ./Src/syscalls.o
 .debug_frame   0x00000504       0x34 ./Src/sysmem.o
 .debug_frame   0x00000538       0x84 ./Src/system_stm32f4xx.o
 .debug_frame   0x000005bc      0x144 /home/sunbeam/stm/plugins/com.st.stm32cube.ide.mcu.externaltools.gnu-tools-for-stm32.13.3.rel1.linux64_1.0.0.202410170706/tools/bin/../lib/gcc/arm-none-eabi/13.3.1/../../../../arm-none-eabi/lib/thumb/v7e-m/nofp/libc_nano.a(libc_a-findfp.o)
 .debug_frame   0x00000700       0x34 /home/sunbeam/stm/plugins/com.st.stm32cube.ide.mcu.externaltools.gnu-tools-for-stm32.13.3.rel1.linux64_1.0.0.202410170706/tools/bin/../lib/gcc/arm-none-eabi/13.3.1/../../../../arm-none-eabi/lib/thumb/v7e-m/nofp/libc_nano.a(libc_a-fwalk.o)
 .debug_frame   0x00000734       0x6c /home/sunbeam/stm/plugins/com.st.stm32cube.ide.mcu.externaltools.gnu-tools-for-stm32.13.3.rel1.linux64_1.0.0.202410170706/tools/bin/../lib/gcc/arm-none-eabi/13.3.1/../../../../arm-none-eabi/lib/thumb/v7e-m/nofp/libc_nano.a(libc_a-printf.o)
 .debug_frame   0x000007a0       0x88 /home/sunbeam/stm/plugins/com.st.stm32cube.ide.mcu.externaltools.gnu-tools-for-stm32.13.3.rel1.linux64_1.0.0.202410170706/tools/bin/../lib/gcc/arm-none-eabi/13.3.1/../../../../arm-none-eabi/lib/thumb/v7e-m/nofp/libc_nano.a(libc_a-stdio.o)
 .debug_frame   0x00000828       0x20 /home/sunbeam/stm/plugins/com.st.stm32cube.ide.mcu.externaltools.gnu-tools-for-stm32.13.3.rel1.linux64_1.0.0.202410170706/tools/bin/../lib/gcc/arm-none-eabi/13.3.1/../../../../arm-none-eabi/lib/thumb/v7e-m/nofp/libc_nano.a(libc_a-memset.o)
 .debug_frame   0x00000848       0x2c /home/sunbeam/stm/plugins/com.st.stm32cube.ide.mcu.externaltools.gnu-tools-for-stm32.13.3.rel1.linux64_1.0.0.202410170706/tools/bin/../lib/gcc/arm-none-eabi/13.3.1/../../../../arm-none-eabi/lib/thumb/v7e-m/nofp/libc_nano.a(libc_a-closer.o)
 .debug_frame   0x00000874       0x38 /home/sunbeam/stm/plugins/com.st.stm32cube.ide.mcu.externaltools.gnu-tools-for-stm32.13.3.rel1.linux64_1.0.0.202410170706/tools/bin/../lib/gcc/arm-none-eabi/13.3.1/../../../../arm-none-eabi/lib/thumb/v7e-m/nofp/libc_nano.a(libc_a-reent.o)
 .debug_frame   0x000008ac       0x2c /home/sunbeam/stm/plugins/com.st.stm32cube.ide.mcu.externaltools.gnu-tools-for-stm32.13.3.rel1.linux64_1.0.0.202410170706/tools/bin/../lib/gcc/arm-none-eabi/13.3.1/../../../../arm-none-eabi/lib/thumb/v7e-m/nofp/libc_nano.a(libc_a-lseekr.o)
 .debug_frame   0x000008d8       0x2c /home/sunbeam/stm/plugins/com.st.stm32cube.ide.mcu.externaltools.gnu-tools-for-stm32.13.3.rel1.linux64_1.0.0.202410170706/tools/bin/../lib/gcc/arm-none-eabi/13.3.1/../../../../arm-none-eabi/lib/thumb/v7e-m/nofp/libc_nano.a(libc_a-readr.o)
 .debug_frame   0x00000904       0x2c /home/sunbeam/stm/plugins/com.st.stm32cube.ide.mcu.externaltools.gnu-tools-for-stm32.13.3.rel1.linux64_1.0.0.202410170706/tools/bin/../lib/gcc/arm-none-eabi/13.3.1/../../../../arm-none-eabi/lib/thumb/v7e-m/nofp/libc_nano.a(libc_a-writer.o)
 .debug_frame   0x00000930       0x20 /home/sunbeam/stm/plugins/com.st.stm32cube.ide.mcu.externaltools.gnu-tools-for-stm32.13.3.rel1.linux64_1.0.0.202410170706/tools/bin/../lib/gcc/arm-none-eabi/13.3.1/../../../../arm-none-eabi/lib/thumb/v7e-m/nofp/libc_nano.a(libc_a-errno.o)
 .debug_frame   0x00000950       0x2c /home/sunbeam/stm/plugins/com.st.stm32cube.ide.mcu.externaltools.gnu-tools-for-stm32.13.3.rel1.linux64_1.0.0.202410170706/tools/bin/../lib/gcc/arm-none-eabi/13.3.1/../../../../arm-none-eabi/lib/thumb/v7e-m/nofp/libc_nano.a(libc_a-init.o)
 .debug_frame   0x0000097c       0xb0 /home/sunbeam/stm/plugins/com.st.stm32cube.ide.mcu.externaltools.gnu-tools-for-stm32.13.3.rel1.linux64_1.0.0.202410170706/tools/bin/../lib/gcc/arm-none-eabi/13.3.1/../../../../arm-none-eabi/lib/thumb/v7e-m/nofp/libc_nano.a(libc_a-lock.o)
 .debug_frame   0x00000a2c       0x38 /home/sunbeam/stm/plugins/com.st.stm32cube.ide.mcu.externaltools.gnu-tools-for-stm32.13.3.rel1.linux64_1.0.0.202410170706/tools/bin/../lib/gcc/arm-none-eabi/13.3.1/../../../../arm-none-eabi/lib/thumb/v7e-m/nofp/libc_nano.a(libc_a-freer.o)
 .debug_frame   0x00000a64       0x50 /home/sunbeam/stm/plugins/com.st.stm32cube.ide.mcu.externaltools.gnu-tools-for-stm32.13.3.rel1.linux64_1.0.0.202410170706/tools/bin/../lib/gcc/arm-none-eabi/13.3.1/../../../../arm-none-eabi/lib/thumb/v7e-m/nofp/libc_nano.a(libc_a-mallocr.o)
 .debug_frame   0x00000ab4       0x30 /home/sunbeam/stm/plugins/com.st.stm32cube.ide.mcu.externaltools.gnu-tools-for-stm32.13.3.rel1.linux64_1.0.0.202410170706/tools/bin/../lib/gcc/arm-none-eabi/13.3.1/../../../../arm-none-eabi/lib/thumb/v7e-m/nofp/libc_nano.a(libc_a-mlock.o)
 .debug_frame   0x00000ae4       0xa8 /home/sunbeam/stm/plugins/com.st.stm32cube.ide.mcu.externaltools.gnu-tools-for-stm32.13.3.rel1.linux64_1.0.0.202410170706/tools/bin/../lib/gcc/arm-none-eabi/13.3.1/../../../../arm-none-eabi/lib/thumb/v7e-m/nofp/libc_nano.a(libc_a-nano-vfprintf.o)
 .debug_frame   0x00000b8c       0x60 /home/sunbeam/stm/plugins/com.st.stm32cube.ide.mcu.externaltools.gnu-tools-for-stm32.13.3.rel1.linux64_1.0.0.202410170706/tools/bin/../lib/gcc/arm-none-eabi/13.3.1/../../../../arm-none-eabi/lib/thumb/v7e-m/nofp/libc_nano.a(libc_a-nano-vfprintf_i.o)
 .debug_frame   0x00000bec       0x5c /home/sunbeam/stm/plugins/com.st.stm32cube.ide.mcu.externaltools.gnu-tools-for-stm32.13.3.rel1.linux64_1.0.0.202410170706/tools/bin/../lib/gcc/arm-none-eabi/13.3.1/../../../../arm-none-eabi/lib/thumb/v7e-m/nofp/libc_nano.a(libc_a-fflush.o)
 .debug_frame   0x00000c48       0x40 /home/sunbeam/stm/plugins/com.st.stm32cube.ide.mcu.externaltools.gnu-tools-for-stm32.13.3.rel1.linux64_1.0.0.202410170706/tools/bin/../lib/gcc/arm-none-eabi/13.3.1/../../../../arm-none-eabi/lib/thumb/v7e-m/nofp/libc_nano.a(libc_a-wbuf.o)
 .debug_frame   0x00000c88       0x2c /home/sunbeam/stm/plugins/com.st.stm32cube.ide.mcu.externaltools.gnu-tools-for-stm32.13.3.rel1.linux64_1.0.0.202410170706/tools/bin/../lib/gcc/arm-none-eabi/13.3.1/../../../../arm-none-eabi/lib/thumb/v7e-m/nofp/libc_nano.a(libc_a-wsetup.o)
 .debug_frame   0x00000cb4       0x2c /home/sunbeam/stm/plugins/com.st.stm32cube.ide.mcu.externaltools.gnu-tools-for-stm32.13.3.rel1.linux64_1.0.0.202410170706/tools/bin/../lib/gcc/arm-none-eabi/13.3.1/../../../../arm-none-eabi/lib/thumb/v7e-m/nofp/libc_nano.a(libc_a-sbrkr.o)
 .debug_frame   0x00000ce0       0x58 /home/sunbeam/stm/plugins/com.st.stm32cube.ide.mcu.externaltools.gnu-tools-for-stm32.13.3.rel1.linux64_1.0.0.202410170706/tools/bin/../lib/gcc/arm-none-eabi/13.3.1/../../../../arm-none-eabi/lib/thumb/v7e-m/nofp/libc_nano.a(libc_a-makebuf.o)
 .debug_frame   0x00000d38       0x2c /home/sunbeam/stm/plugins/com.st.stm32cube.ide.mcu.externaltools.gnu-tools-for-stm32.13.3.rel1.linux64_1.0.0.202410170706/tools/bin/../lib/gcc/arm-none-eabi/13.3.1/../../../../arm-none-eabi/lib/thumb/v7e-m/nofp/libc_nano.a(libc_a-fstatr.o)
 .debug_frame   0x00000d64       0x2c /home/sunbeam/stm/plugins/com.st.stm32cube.ide.mcu.externaltools.gnu-tools-for-stm32.13.3.rel1.linux64_1.0.0.202410170706/tools/bin/../lib/gcc/arm-none-eabi/13.3.1/../../../../arm-none-eabi/lib/thumb/v7e-m/nofp/libc_nano.a(libc_a-isattyr.o)

.debug_loclists
                0x00000000       0x25
 .debug_loclists
                0x00000000       0x25 ./Src/system_stm32f4xx.o

.debug_line_str
                0x00000000       0x5b
 .debug_line_str
                0x00000000       0x5b ./Startup/startup_stm32f407vgtx.o
